 nstim

 Timestamp is 44e2cb4d (Wed Aug 16 00:37:49 2006)

 Preferred load address is 00400000

 Start         Length     Name                   Class
 0001:00000000 0003c8acH .text                   CODE
 0001:0003c8b0 00001965H .text$x                 CODE
 0002:00000000 00002d49H .rdata                  DATA
 0002:00002d50 00001938H .xdata$x                DATA
 0002:00004688 00000000H .edata                  DATA
 0003:00000000 00000004H .CRT$XCA                DATA
 0003:00000004 00000008H .CRT$XCU                DATA
 0003:0000000c 00000004H .CRT$XCZ                DATA
 0003:00000010 00000004H .CRT$XIA                DATA
 0003:00000014 0000000cH .CRT$XIC                DATA
 0003:00000020 00000004H .CRT$XIY                DATA
 0003:00000024 00000004H .CRT$XIZ                DATA
 0003:00000028 00000004H .CRT$XPA                DATA
 0003:0000002c 00000004H .CRT$XPX                DATA
 0003:00000030 00000004H .CRT$XPZ                DATA
 0003:00000034 00000004H .CRT$XTA                DATA
 0003:00000038 00000004H .CRT$XTB                DATA
 0003:0000003c 00000004H .CRT$XTZ                DATA
 0003:00000040 00000e40H .data                   DATA
 0003:00000e80 00001d20H .bss                    DATA
 0004:00000000 00000078H .idata$2                DATA
 0004:00000078 00000014H .idata$3                DATA
 0004:0000008c 00000214H .idata$4                DATA
 0004:000002a0 00000214H .idata$5                DATA
 0004:000004b4 000007ceH .idata$6                DATA
 0005:00000000 00000118H .rsrc$01                DATA
 0005:00000120 000007c0H .rsrc$02                DATA

  Address         Publics by Value              Rva+Base     Lib:Object

 0001:00000000       ??0CIniFile@@QAE@PBD@Z     00401000 f   CIniFile.obj
 0001:00000080       ??_ECIniFile@@UAEPAXI@Z    00401080 f i CIniFile.obj
 0001:00000080       ??_GCIniFile@@UAEPAXI@Z    00401080 f i CIniFile.obj
 0001:000000e0       ??1CIniFile@@UAE@XZ        004010e0 f   CIniFile.obj
 0001:00000110       ?WriteString@CIniFile@@QAE_NPAD00@Z 00401110 f   CIniFile.obj
 0001:00000170       ?ReadString@CIniFile@@QAEPADPAD00@Z 00401170 f   CIniFile.obj
 0001:000001e0       ?WriteInt@CIniFile@@QAE_NPAD0H@Z 004011e0 f   CIniFile.obj
 0001:00000250       ?ReadInt@CIniFile@@QAEHPAD0H@Z 00401250 f   CIniFile.obj
 0001:000002d0       ?WriteDouble@CIniFile@@QAE_NPAD0N@Z 004012d0 f   CIniFile.obj
 0001:00000340       ?ReadDouble@CIniFile@@QAENPAD0N@Z 00401340 f   CIniFile.obj
 0001:000004c0       ??0CNStimApp@@QAE@XZ       004014c0 f   CNStimApp.obj
 0001:00000730       ??_ECNStimApp@@UAEPAXI@Z   00401730 f i CNStimApp.obj
 0001:00000730       ??_GCNStimApp@@UAEPAXI@Z   00401730 f i CNStimApp.obj
 0001:00000790       ??0INStimApp@@QAE@XZ       00401790 f i CNStimApp.obj
 0001:000007d0       ??0IUnknown@@QAE@XZ        004017d0 f i CNStimApp.obj
 0001:00000800       ??1CNStimApp@@UAE@XZ       00401800 f   CNStimApp.obj
 0001:00000920       ?Init@CNStimApp@@UAE_NXZ   00401920 f   CNStimApp.obj
 0001:000009d0       ?MessagePump@CNStimApp@@UAEXXZ 004019d0 f   CNStimApp.obj
 0001:00000a20       ?CreateAtom@CNStimApp@@UAGJPAEPAPAUINStimAtom@@@Z 00401a20 f   CNStimApp.obj
 0001:00000ab0       ?GetGraphicsEngine@CNStimApp@@UAGJPAPAUINStimEngine@@@Z 00401ab0 f   CNStimApp.obj
 0001:00000b10       ?GetCommandEngine@CNStimApp@@UAGJPAPAUINStimCmdEngine@@@Z 00401b10 f   CNStimApp.obj
 0001:00000b70       ?GetProfile@CNStimApp@@UAGJPAPAUINStimProfile@@@Z 00401b70 f   CNStimApp.obj
 0001:00000bd0       ?AddRef@CNStimApp@@UAGKXZ  00401bd0 f   CNStimApp.obj
 0001:00000c20       ?QueryInterface@CNStimApp@@UAGJABU_GUID@@PAPAX@Z 00401c20 f   CNStimApp.obj
 0001:00000cf0       ??8@YAHABU_GUID@@0@Z       00401cf0 f i CNStimApp.obj
 0001:00000d30       ?Release@CNStimApp@@UAGKXZ 00401d30 f   CNStimApp.obj
 0001:00000dc0       ??0?$CSmartPtr@UINStimProfile@@@@QAE@PAUINStimProfile@@@Z 00401dc0 f i CNStimApp.obj
 0001:00000e20       ??1?$CSmartPtr@UINStimProfile@@@@UAE@XZ 00401e20 f i CNStimApp.obj
 0001:00000eb0       ??0?$CList@PAUINStimAtomFactory@@PAU1@@@QAE@H@Z 00401eb0 f i CNStimApp.obj
 0001:00000f00       ??1?$CList@PAUINStimAtomFactory@@PAU1@@@UAE@XZ 00401f00 f i CNStimApp.obj
 0001:00000f40       ?GetHeadPosition@?$CList@PAUINStimAtomFactory@@PAU1@@@QAEPAXXZ 00401f40 f i CNStimApp.obj
 0001:00000f70       ?GetNext@?$CList@PAUINStimAtomFactory@@PAU1@@@QAEAAPAUINStimAtomFactory@@AAPAX@Z 00401f70 f i CNStimApp.obj
 0001:00000fc0       ?AddTail@?$CList@PAUINStimAtomFactory@@PAU1@@@QAEPAXPAUINStimAtomFactory@@@Z 00401fc0 f i CNStimApp.obj
 0001:00001040       ??_G?$CSmartPtr@UINStimProfile@@@@UAEPAXI@Z 00402040 f i CNStimApp.obj
 0001:00001040       ??_E?$CSmartPtr@UINStimProfile@@@@UAEPAXI@Z 00402040 f i CNStimApp.obj
 0001:000010a0       ??_E?$CList@PAUINStimAtomFactory@@PAU1@@@UAEPAXI@Z 004020a0 f i CNStimApp.obj
 0001:000010a0       ??_G?$CList@PAUINStimAtomFactory@@PAU1@@@UAEPAXI@Z 004020a0 f i CNStimApp.obj
 0001:00001100       ??4?$CSmartPtr@UINStimProfile@@@@QAEPAUINStimProfile@@PAU1@@Z 00402100 f i CNStimApp.obj
 0001:000011c0       ?RemoveAll@?$CList@PAUINStimAtomFactory@@PAU1@@@QAEXXZ 004021c0 f i CNStimApp.obj
 0001:00001210       ?AllocNode@?$CList@PAUINStimAtomFactory@@PAU1@@@QAEPAV?$CListNode@PAUINStimAtomFactory@@PAU1@@@PAUINStimAtomFactory@@@Z 00402210 f i CNStimApp.obj
 0001:000012b0       ?LinkAfter@?$CListNode@PAUINStimAtomFactory@@PAU1@@@QAEXPAV1@@Z 004022b0 f i CNStimApp.obj
 0001:00001310       ?GetNext@?$CListNode@PAUINStimAtomFactory@@PAU1@@@QBEPAV1@XZ 00402310 f i CNStimApp.obj
 0001:00001340       ?GetData@?$CListNode@PAUINStimAtomFactory@@PAU1@@@QAEAAPAUINStimAtomFactory@@XZ 00402340 f i CNStimApp.obj
 0001:00001370       ?IsEmpty@?$CList@PAUINStimAtomFactory@@PAU1@@@QBE_NXZ 00402370 f i CNStimApp.obj
 0001:000013c0       ?RemoveHead@?$CList@PAUINStimAtomFactory@@PAU1@@@QAEPAUINStimAtomFactory@@XZ 004023c0 f i CNStimApp.obj
 0001:00001430       ??0?$CListNode@PAUINStimAtomFactory@@PAU1@@@QAE@PAUINStimAtomFactory@@@Z 00402430 f i CNStimApp.obj
 0001:00001480       ?RemoveAt@?$CList@PAUINStimAtomFactory@@PAU1@@@QAEXPAX@Z 00402480 f i CNStimApp.obj
 0001:00001520       ??_G?$CListNode@PAUINStimAtomFactory@@PAU1@@@QAEPAXI@Z 00402520 f i CNStimApp.obj
 0001:00001580       ??1?$CListNode@PAUINStimAtomFactory@@PAU1@@@QAE@XZ 00402580 f i CNStimApp.obj
 0001:000015c0       ?GetPrev@?$CListNode@PAUINStimAtomFactory@@PAU1@@@QAEPAV1@XZ 004025c0 f i CNStimApp.obj
 0001:000015f0       ?Unlink@?$CListNode@PAUINStimAtomFactory@@PAU1@@@QAEXXZ 004025f0 f i CNStimApp.obj
 0001:00001650       ??0CNStimAtom@@QAE@XZ      00402650 f   CNStimAtom.obj
 0001:000016c0       ??_GCNStimAtom@@UAEPAXI@Z  004026c0 f i CNStimAtom.obj
 0001:000016c0       ??_ECNStimAtom@@UAEPAXI@Z  004026c0 f i CNStimAtom.obj
 0001:00001720       ??0INStimAtom@@QAE@XZ      00402720 f i CNStimAtom.obj
 0001:00001760       ??1CNStimAtom@@UAE@XZ      00402760 f   CNStimAtom.obj
 0001:000017f0       ?AddRef@CNStimAtom@@UAGKXZ 004027f0 f   CNStimAtom.obj
 0001:00001840       ?QueryInterface@CNStimAtom@@UAGJABU_GUID@@PAPAX@Z 00402840 f   CNStimAtom.obj
 0001:00001910       ?Release@CNStimAtom@@UAGKXZ 00402910 f   CNStimAtom.obj
 0001:000019a0       ?GetParamCount@CNStimAtom@@UAGJPAH@Z 004029a0 f   CNStimAtom.obj
 0001:000019e0       ?GetParam@CNStimAtom@@UAGJHPAPAUINStimParam@@@Z 004029e0 f   CNStimAtom.obj
 0001:00001a40       ??0?$CList@PAUINStimParam@@PAU1@@@QAE@H@Z 00402a40 f i CNStimAtom.obj
 0001:00001a90       ??1?$CList@PAUINStimParam@@PAU1@@@UAE@XZ 00402a90 f i CNStimAtom.obj
 0001:00001ad0       ?GetCount@?$CList@PAUINStimParam@@PAU1@@@QBEHXZ 00402ad0 f i CNStimAtom.obj
 0001:00001b30       ?FindIndex@?$CList@PAUINStimParam@@PAU1@@@QBEPAXH@Z 00402b30 f i CNStimAtom.obj
 0001:00001b90       ?GetAt@?$CList@PAUINStimParam@@PAU1@@@QAEAAPAUINStimParam@@PAX@Z 00402b90 f i CNStimAtom.obj
 0001:00001bd0       ??_E?$CList@PAUINStimParam@@PAU1@@@UAEPAXI@Z 00402bd0 f i CNStimAtom.obj
 0001:00001bd0       ??_G?$CList@PAUINStimParam@@PAU1@@@UAEPAXI@Z 00402bd0 f i CNStimAtom.obj
 0001:00001c30       ?RemoveAll@?$CList@PAUINStimParam@@PAU1@@@QAEXXZ 00402c30 f i CNStimAtom.obj
 0001:00001c80       ?GetNext@?$CListNode@PAUINStimParam@@PAU1@@@QBEPAV1@XZ 00402c80 f i CNStimAtom.obj
 0001:00001cb0       ?GetData@?$CListNode@PAUINStimParam@@PAU1@@@QAEAAPAUINStimParam@@XZ 00402cb0 f i CNStimAtom.obj
 0001:00001ce0       ?IsEmpty@?$CList@PAUINStimParam@@PAU1@@@QBE_NXZ 00402ce0 f i CNStimAtom.obj
 0001:00001d30       ?RemoveHead@?$CList@PAUINStimParam@@PAU1@@@QAEPAUINStimParam@@XZ 00402d30 f i CNStimAtom.obj
 0001:00001da0       ?RemoveAt@?$CList@PAUINStimParam@@PAU1@@@QAEXPAX@Z 00402da0 f i CNStimAtom.obj
 0001:00001e40       ??_G?$CListNode@PAUINStimParam@@PAU1@@@QAEPAXI@Z 00402e40 f i CNStimAtom.obj
 0001:00001ea0       ??1?$CListNode@PAUINStimParam@@PAU1@@@QAE@XZ 00402ea0 f i CNStimAtom.obj
 0001:00001ee0       ?GetPrev@?$CListNode@PAUINStimParam@@PAU1@@@QAEPAV1@XZ 00402ee0 f i CNStimAtom.obj
 0001:00001f10       ?Unlink@?$CListNode@PAUINStimParam@@PAU1@@@QAEXXZ 00402f10 f i CNStimAtom.obj
 0001:00001f70       ?AdvanceFrame@CNStimAtom@@UAGJH@Z 00402f70 f i CNStimAtom.obj
 0001:00001fa0       ?Init@CNStimAtom@@UAGJPAUINStimEngine@@@Z 00402fa0 f i CNStimAtom.obj
 0001:00001fd0       ?FindParam@CNStimAtom@@UAGJPAEPAPAUINStimParam@@@Z 00402fd0 f i CNStimAtom.obj
 0001:00002060       ?GetHeadPosition@?$CList@PAUINStimParam@@PAU1@@@QAEPAXXZ 00403060 f i CNStimAtom.obj
 0001:00002090       ?GetNext@?$CList@PAUINStimParam@@PAU1@@@QAEAAPAUINStimParam@@AAPAX@Z 00403090 f i CNStimAtom.obj
 0001:000020e0       ?GetName@CNStimAtom@@UAGJPAPAE@Z 004030e0 f i CNStimAtom.obj
 0001:00002120       ?SetName@CNStimAtom@@UAGJPAE@Z 00403120 f i CNStimAtom.obj
 0001:000021a0       ?IsAtom@CNStimAtom@@UAGJPAE@Z 004031a0 f i CNStimAtom.obj
 0001:000021f0       ?Preview@CNStimAtom@@UAGJXZ 004031f0 f i CNStimAtom.obj
 0001:00002230       ?SetPreview@CNStimAtom@@UAGJH@Z 00403230 f i CNStimAtom.obj
 0001:00002260       ?Reset@CNStimAtom@@UAGJPAUINStimEngine@@@Z 00403260 f i CNStimAtom.obj
 0001:00002290       ?SetParam@CNStimAtom@@UAGJPAE0@Z 00403290 f i CNStimAtom.obj
 0001:00002330       ?GetType@CNStimAtom@@UAGJPAPAE@Z 00403330 f i CNStimAtom.obj
 0001:00002370       ?List@CNStimAtom@@UAGJPAUIPort@@@Z 00403370 f i CNStimAtom.obj
 0001:000023a0       ?GetDefiningString@CNStimAtom@@UAGJPADH@Z 004033a0 f i CNStimAtom.obj
 0001:000024c0       ??0CNStimAtomCmd@@QAE@XZ   004034c0 f   CNStimAtomCmd.obj
 0001:00002510       ??_ECNStimAtomCmd@@UAEPAXI@Z 00403510 f i CNStimAtomCmd.obj
 0001:00002510       ??_GCNStimAtomCmd@@UAEPAXI@Z 00403510 f i CNStimAtomCmd.obj
 0001:00002570       ??0INStimCmd@@QAE@XZ       00403570 f i CNStimAtomCmd.obj
 0001:000025b0       ??1CNStimAtomCmd@@UAE@XZ   004035b0 f   CNStimAtomCmd.obj
 0001:000025e0       ?AddRef@CNStimAtomCmd@@UAGKXZ 004035e0 f   CNStimAtomCmd.obj
 0001:00002630       ?QueryInterface@CNStimAtomCmd@@UAGJABU_GUID@@PAPAX@Z 00403630 f   CNStimAtomCmd.obj
 0001:00002700       ?Release@CNStimAtomCmd@@UAGKXZ 00403700 f   CNStimAtomCmd.obj
 0001:00002790       ?IsCmd@CNStimAtomCmd@@UAGJPAE@Z 00403790 f   CNStimAtomCmd.obj
 0001:000027e0       ?Exec@CNStimAtomCmd@@UAGJPAEPAUINStimApp@@PAUIPort@@@Z 004037e0 f   CNStimAtomCmd.obj
 0001:00002a70       ?Help@CNStimAtomCmd@@UAGJPAEPAUINStimApp@@PAUIPort@@@Z 00403a70 f i CNStimAtomCmd.obj
 0001:00002aa0       ??0CNStimAtomGammaElt@@QAE@XZ 00403aa0 f   CNStimAtomGammaElt.obj
 0001:00002d10       ??_ECNStimAtomGammaElt@@UAEPAXI@Z 00403d10 f i CNStimAtomGammaElt.obj
 0001:00002d10       ??_GCNStimAtomGammaElt@@UAEPAXI@Z 00403d10 f i CNStimAtomGammaElt.obj
 0001:00002d70       ??1CNStimAtomGammaElt@@UAE@XZ 00403d70 f   CNStimAtomGammaElt.obj
 0001:00002db0       ?AddTail@?$CList@PAUINStimParam@@PAU1@@@QAEPAXPAUINStimParam@@@Z 00403db0 f i CNStimAtomGammaElt.obj
 0001:00002e30       ?AllocNode@?$CList@PAUINStimParam@@PAU1@@@QAEPAV?$CListNode@PAUINStimParam@@PAU1@@@PAUINStimParam@@@Z 00403e30 f i CNStimAtomGammaElt.obj
 0001:00002ed0       ?LinkAfter@?$CListNode@PAUINStimParam@@PAU1@@@QAEXPAV1@@Z 00403ed0 f i CNStimAtomGammaElt.obj
 0001:00002f30       ??0?$CListNode@PAUINStimParam@@PAU1@@@QAE@PAUINStimParam@@@Z 00403f30 f i CNStimAtomGammaElt.obj
 0001:00002f80       ?Exec@CNStimAtomGammaElt@@UAGJPAUINStimEngine@@@Z 00403f80 f i CNStimAtomGammaElt.obj
 0001:00002ff0       ?Init@CNStimAtomGammaElt@@UAGJPAUINStimEngine@@@Z 00403ff0 f i CNStimAtomGammaElt.obj
 0001:00003020       ?Reset@CNStimAtomGammaElt@@UAGJPAUINStimEngine@@@Z 00404020 f i CNStimAtomGammaElt.obj
 0001:00003050       ?GetType@CNStimAtomGammaElt@@UAGJPAPAE@Z 00404050 f i CNStimAtomGammaElt.obj
 0001:00003090       ?GetParamDataPtr@CNStimIntPatchParam@@QAEPAHXZ 00404090 f i CNStimAtomGammaElt.obj
 0001:000030c0       ??0CNStimBinaryNoisePatch@@QAE@XZ 004040c0 f   CNStimBinaryNoisePatch.obj
 0001:000033e0       ??_ECNStimBinaryNoisePatch@@UAEPAXI@Z 004043e0 f i CNStimBinaryNoisePatch.obj
 0001:000033e0       ??_GCNStimBinaryNoisePatch@@UAEPAXI@Z 004043e0 f i CNStimBinaryNoisePatch.obj
 0001:00003440       ??1CNStimBinaryNoisePatch@@UAE@XZ 00404440 f   CNStimBinaryNoisePatch.obj
 0001:00003500       ?AdvanceFrame@CNStimBinaryNoisePatch@@UAGJH@Z 00404500 f   CNStimBinaryNoisePatch.obj
 0001:00003560       ?Draw@CNStimBinaryNoisePatch@@UAGJPAUINStimEngine@@@Z 00404560 f   CNStimBinaryNoisePatch.obj
 0001:000036d0       ?Init@CNStimBinaryNoisePatch@@UAGJPAUINStimEngine@@@Z 004046d0 f   CNStimBinaryNoisePatch.obj
 0001:00003a40       ?FindParam@CNStimPatch@@UAGJPAEPAPAUINStimParam@@@Z 00404a40 f i CNStimBinaryNoisePatch.obj
 0001:00003ad0       ?GetCenterX@CNStimPatch@@UAGJPAH@Z 00404ad0 f i CNStimBinaryNoisePatch.obj
 0001:00003b00       ?GetCenterY@CNStimPatch@@UAGJPAH@Z 00404b00 f i CNStimBinaryNoisePatch.obj
 0001:00003b30       ?SetCenterX@CNStimPatch@@UAGJH@Z 00404b30 f i CNStimBinaryNoisePatch.obj
 0001:00003b60       ?SetCenterY@CNStimPatch@@UAGJH@Z 00404b60 f i CNStimBinaryNoisePatch.obj
 0001:00003b90       ?GetType@CNStimPatch@@UAGJPAPAE@Z 00404b90 f i CNStimBinaryNoisePatch.obj
 0001:00003bd0       ?SetBlitType@CNStimPatch@@UAGJH@Z 00404bd0 f i CNStimBinaryNoisePatch.obj
 0001:00003c00       ?GetBlitType@CNStimPatch@@UAGJPAH@Z 00404c00 f i CNStimBinaryNoisePatch.obj
 0001:00003c40       ?GetBlitAngle@CNStimPatch@@UAGJPAM@Z 00404c40 f i CNStimBinaryNoisePatch.obj
 0001:00003c80       ?SetBlitAngle@CNStimPatch@@UAGJM@Z 00404c80 f i CNStimBinaryNoisePatch.obj
 0001:00003cb0       ?GetName@CNStimPatch@@UAGJPAPAE@Z 00404cb0 f i CNStimBinaryNoisePatch.obj
 0001:00003cf0       ?SetName@CNStimPatch@@UAGJPAE@Z 00404cf0 f i CNStimBinaryNoisePatch.obj
 0001:00003d70       ?IsPatch@CNStimPatch@@UAGJPAE@Z 00404d70 f i CNStimBinaryNoisePatch.obj
 0001:00003dc0       ?Reset@CNStimPatch@@UAGJPAUINStimEngine@@@Z 00404dc0 f i CNStimBinaryNoisePatch.obj
 0001:00003e30       ?Exec@CNStimPatch@@UAGJPAUINStimEngine@@@Z 00404e30 f i CNStimBinaryNoisePatch.obj
 0001:00003ea0       ?IsAtom@CNStimPatch@@UAGJPAE@Z 00404ea0 f i CNStimBinaryNoisePatch.obj
 0001:00003ef0       ?SetParam@CNStimPatch@@UAGJPAE0@Z 00404ef0 f i CNStimBinaryNoisePatch.obj
 0001:00003f90       ?List@CNStimPatch@@UAGJPAUIPort@@@Z 00404f90 f i CNStimBinaryNoisePatch.obj
 0001:00003fc0       ?GetDefiningString@CNStimPatch@@UAGJPADH@Z 00404fc0 f i CNStimBinaryNoisePatch.obj
 0001:00003ff0       ?Preview@CNStimPatch@@UAGJXZ 00404ff0 f i CNStimBinaryNoisePatch.obj
 0001:00004030       ?SetPreview@CNStimPatch@@UAGJH@Z 00405030 f i CNStimBinaryNoisePatch.obj
 0001:00004060       ??0CDirect3DDevice@@QAE@PAUIDirect3DDevice9@@@Z 00405060 f i CNStimBinaryNoisePatch.obj
 0001:000040f0       ??0?$CSmartPtr@UIDirect3DDevice9@@@@QAE@PAUIDirect3DDevice9@@@Z 004050f0 f i CNStimBinaryNoisePatch.obj
 0001:00004150       ??1?$CSmartPtr@UIDirect3DDevice9@@@@UAE@XZ 00405150 f i CNStimBinaryNoisePatch.obj
 0001:000041e0       ??4?$CSmartPtr@UIDirect3DDevice9@@@@QAEPAUIDirect3DDevice9@@PAU1@@Z 004051e0 f i CNStimBinaryNoisePatch.obj
 0001:000042a0       ??_G?$CSmartPtr@UIDirect3DDevice9@@@@UAEPAXI@Z 004052a0 f i CNStimBinaryNoisePatch.obj
 0001:000042a0       ??_E?$CSmartPtr@UIDirect3DDevice9@@@@UAEPAXI@Z 004052a0 f i CNStimBinaryNoisePatch.obj
 0001:00004300       ??_GCDirect3DDevice@@UAEPAXI@Z 00405300 f i CNStimBinaryNoisePatch.obj
 0001:00004300       ??_ECDirect3DDevice@@UAEPAXI@Z 00405300 f i CNStimBinaryNoisePatch.obj
 0001:00004360       ??0CNStimBitArrayPatchParam@@QAE@XZ 00405360 f   CNStimBitArrayPatchParam.obj
 0001:000043c0       ??_ECNStimBitArrayPatchParam@@UAEPAXI@Z 004053c0 f i CNStimBitArrayPatchParam.obj
 0001:000043c0       ??_GCNStimBitArrayPatchParam@@UAEPAXI@Z 004053c0 f i CNStimBitArrayPatchParam.obj
 0001:00004420       ??1CNStimBitArrayPatchParam@@UAE@XZ 00405420 f   CNStimBitArrayPatchParam.obj
 0001:000044b0       ?GetParamType@CNStimBitArrayPatchParam@@UAGJPAPAE@Z 004054b0 f   CNStimBitArrayPatchParam.obj
 0001:000044e0       ?GetSize@CNStimBitArrayPatchParam@@UAGJPAK@Z 004054e0 f   CNStimBitArrayPatchParam.obj
 0001:00004510       ?GetByte@CNStimBitArrayPatchParam@@UAGJHPAE@Z 00405510 f   CNStimBitArrayPatchParam.obj
 0001:00004550       ?GetRawData@CNStimBitArrayPatchParam@@UAGJPAPAE@Z 00405550 f   CNStimBitArrayPatchParam.obj
 0001:00004580       ?SetParamString@CNStimBitArrayPatchParam@@UAGJPAE@Z 00405580 f   CNStimBitArrayPatchParam.obj
 0001:00004660       ?GetParamInt@CNStimPatchParam@@UAGJPAH@Z 00405660 f i CNStimBitArrayPatchParam.obj
 0001:00004690       ?GetParamDouble@CNStimPatchParam@@UAGJPAN@Z 00405690 f i CNStimBitArrayPatchParam.obj
 0001:000046c0       ?GetParamName@CNStimPatchParam@@UAGJPAPAE@Z 004056c0 f i CNStimBitArrayPatchParam.obj
 0001:00004700       ?SetParamInt@CNStimPatchParam@@UAGJH@Z 00405700 f i CNStimBitArrayPatchParam.obj
 0001:00004730       ?SetParamDouble@CNStimPatchParam@@UAGJN@Z 00405730 f i CNStimBitArrayPatchParam.obj
 0001:00004760       ?SetParamName@CNStimPatchParam@@UAGJPAE@Z 00405760 f i CNStimBitArrayPatchParam.obj
 0001:000047e0       ?GetParamFloat@CNStimPatchParam@@UAGJPAM@Z 004057e0 f i CNStimBitArrayPatchParam.obj
 0001:00004810       ?SetParamFloat@CNStimPatchParam@@UAGJM@Z 00405810 f i CNStimBitArrayPatchParam.obj
 0001:00004840       ?GetParamString@CNStimPatchParam@@UAGJPAEH@Z 00405840 f i CNStimBitArrayPatchParam.obj
 0001:00004870       ??0CNStimBlankPatch@@QAE@XZ 00405870 f   CNStimBlankPatch.obj
 0001:000048c0       ??_GCNStimBlankPatch@@UAEPAXI@Z 004058c0 f i CNStimBlankPatch.obj
 0001:000048c0       ??_ECNStimBlankPatch@@UAEPAXI@Z 004058c0 f i CNStimBlankPatch.obj
 0001:00004920       ??1CNStimBlankPatch@@UAE@XZ 00405920 f   CNStimBlankPatch.obj
 0001:00004960       ?AdvanceFrame@CNStimPatch@@UAGJH@Z 00405960 f i CNStimBlankPatch.obj
 0001:00004990       ?Draw@CNStimPatch@@UAGJPAUINStimEngine@@@Z 00405990 f i CNStimBlankPatch.obj
 0001:000049c0       ?Init@CNStimPatch@@UAGJPAUINStimEngine@@@Z 004059c0 f i CNStimBlankPatch.obj
 0001:00004a30       ??0CNStimBuiltInAtomFactory@@QAE@XZ 00405a30 f   CNStimBuiltInAtomFactory.obj
 0001:00004a80       ??_ECNStimBuiltInAtomFactory@@UAEPAXI@Z 00405a80 f i CNStimBuiltInAtomFactory.obj
 0001:00004a80       ??_GCNStimBuiltInAtomFactory@@UAEPAXI@Z 00405a80 f i CNStimBuiltInAtomFactory.obj
 0001:00004ae0       ??0INStimAtomFactory@@QAE@XZ 00405ae0 f i CNStimBuiltInAtomFactory.obj
 0001:00004b20       ??1CNStimBuiltInAtomFactory@@UAE@XZ 00405b20 f   CNStimBuiltInAtomFactory.obj
 0001:00004b50       ?AddRef@CNStimBuiltInAtomFactory@@UAGKXZ 00405b50 f   CNStimBuiltInAtomFactory.obj
 0001:00004ba0       ?QueryInterface@CNStimBuiltInAtomFactory@@UAGJABU_GUID@@PAPAX@Z 00405ba0 f   CNStimBuiltInAtomFactory.obj
 0001:00004c70       ?Release@CNStimBuiltInAtomFactory@@UAGKXZ 00405c70 f   CNStimBuiltInAtomFactory.obj
 0001:00004d00       ?IsValidAtomType@CNStimBuiltInAtomFactory@@UAGJPAE@Z 00405d00 f   CNStimBuiltInAtomFactory.obj
 0001:00004d70       ?CreateAtom@CNStimBuiltInAtomFactory@@UAGJPAEPAPAUINStimAtom@@@Z 00405d70 f   CNStimBuiltInAtomFactory.obj
 0001:00005210       ??0CNStimCmdEngine@@QAE@XZ 00406210 f   CNStimCmdEngine.obj
 0001:00005430       ??_ECNStimCmdEngine@@UAEPAXI@Z 00406430 f i CNStimCmdEngine.obj
 0001:00005430       ??_GCNStimCmdEngine@@UAEPAXI@Z 00406430 f i CNStimCmdEngine.obj
 0001:00005490       ??0INStimCmdEngine@@QAE@XZ 00406490 f i CNStimCmdEngine.obj
 0001:000054d0       ??0IPortServerCallback@@QAE@XZ 004064d0 f i CNStimCmdEngine.obj
 0001:00005510       ??0IPortCallback@@QAE@XZ   00406510 f i CNStimCmdEngine.obj
 0001:00005550       ??1CNStimCmdEngine@@UAE@XZ 00406550 f   CNStimCmdEngine.obj
 0001:00005620       ?Init@CNStimCmdEngine@@QAE_NPAUINStimApp@@@Z 00406620 f   CNStimCmdEngine.obj
 0001:00005770       ?OnCommand@CNStimCmdEngine@@IAEXPAUIPort@@PADH@Z 00406770 f   CNStimCmdEngine.obj
 0001:00005950       ?OnPortEvent@CNStimCmdEngine@@UAGJPAUIUnknown@@KKK@Z 00406950 f   CNStimCmdEngine.obj
 0001:00005ae0       ?AddRef@CNStimCmdEngine@@UAGKXZ 00406ae0 f   CNStimCmdEngine.obj
 0001:00005b30       ?QueryInterface@CNStimCmdEngine@@UAGJABU_GUID@@PAPAX@Z 00406b30 f   CNStimCmdEngine.obj
 0001:00005c50       ?Release@CNStimCmdEngine@@UAGKXZ 00406c50 f   CNStimCmdEngine.obj
 0001:00005ce0       ??0?$CList@PAUIPort@@PAU1@@@QAE@H@Z 00406ce0 f i CNStimCmdEngine.obj
 0001:00005d30       ??1?$CList@PAUIPort@@PAU1@@@UAE@XZ 00406d30 f i CNStimCmdEngine.obj
 0001:00005d70       ?AddTail@?$CList@PAUIPort@@PAU1@@@QAEPAXPAUIPort@@@Z 00406d70 f i CNStimCmdEngine.obj
 0001:00005df0       ??0?$CSmartPtr@UINStimApp@@@@QAE@PAUINStimApp@@@Z 00406df0 f i CNStimCmdEngine.obj
 0001:00005e50       ??1?$CSmartPtr@UINStimApp@@@@UAE@XZ 00406e50 f i CNStimCmdEngine.obj
 0001:00005ee0       ??4?$CSmartPtr@UINStimApp@@@@QAEPAUINStimApp@@PAU1@@Z 00406ee0 f i CNStimCmdEngine.obj
 0001:00005fa0       ?GetPtr@?$CSmartPtr@UINStimApp@@@@QBEPAUINStimApp@@XZ 00406fa0 f i CNStimCmdEngine.obj
 0001:00005fd0       ??C?$CSmartPtr@UINStimApp@@@@QBEPAUINStimApp@@XZ 00406fd0 f i CNStimCmdEngine.obj
 0001:00006000       ??0?$CList@PAUINStimCmd@@PAU1@@@QAE@H@Z 00407000 f i CNStimCmdEngine.obj
 0001:00006050       ??1?$CList@PAUINStimCmd@@PAU1@@@UAE@XZ 00407050 f i CNStimCmdEngine.obj
 0001:00006090       ?GetHeadPosition@?$CList@PAUINStimCmd@@PAU1@@@QAEPAXXZ 00407090 f i CNStimCmdEngine.obj
 0001:000060c0       ?GetNext@?$CList@PAUINStimCmd@@PAU1@@@QAEAAPAUINStimCmd@@AAPAX@Z 004070c0 f i CNStimCmdEngine.obj
 0001:00006110       ?AddTail@?$CList@PAUINStimCmd@@PAU1@@@QAEPAXPAUINStimCmd@@@Z 00407110 f i CNStimCmdEngine.obj
 0001:00006190       ??0?$CSmartPtr@UINStimCmd@@@@QAE@PAUINStimCmd@@@Z 00407190 f i CNStimCmdEngine.obj
 0001:000061f0       ??1?$CSmartPtr@UINStimCmd@@@@UAE@XZ 004071f0 f i CNStimCmdEngine.obj
 0001:00006280       ??C?$CSmartPtr@UINStimCmd@@@@QBEPAUINStimCmd@@XZ 00407280 f i CNStimCmdEngine.obj
 0001:000062b0       ??_G?$CList@PAUIPort@@PAU1@@@UAEPAXI@Z 004072b0 f i CNStimCmdEngine.obj
 0001:000062b0       ??_E?$CList@PAUIPort@@PAU1@@@UAEPAXI@Z 004072b0 f i CNStimCmdEngine.obj
 0001:00006310       ??_E?$CSmartPtr@UINStimApp@@@@UAEPAXI@Z 00407310 f i CNStimCmdEngine.obj
 0001:00006310       ??_G?$CSmartPtr@UINStimApp@@@@UAEPAXI@Z 00407310 f i CNStimCmdEngine.obj
 0001:00006370       ??_G?$CList@PAUINStimCmd@@PAU1@@@UAEPAXI@Z 00407370 f i CNStimCmdEngine.obj
 0001:00006370       ??_E?$CList@PAUINStimCmd@@PAU1@@@UAEPAXI@Z 00407370 f i CNStimCmdEngine.obj
 0001:000063d0       ??_E?$CSmartPtr@UINStimCmd@@@@UAEPAXI@Z 004073d0 f i CNStimCmdEngine.obj
 0001:000063d0       ??_G?$CSmartPtr@UINStimCmd@@@@UAEPAXI@Z 004073d0 f i CNStimCmdEngine.obj
 0001:00006430       ?RemoveAll@?$CList@PAUIPort@@PAU1@@@QAEXXZ 00407430 f i CNStimCmdEngine.obj
 0001:00006480       ?AllocNode@?$CList@PAUIPort@@PAU1@@@QAEPAV?$CListNode@PAUIPort@@PAU1@@@PAUIPort@@@Z 00407480 f i CNStimCmdEngine.obj
 0001:00006520       ?RemoveAll@?$CList@PAUINStimCmd@@PAU1@@@QAEXXZ 00407520 f i CNStimCmdEngine.obj
 0001:00006570       ?AllocNode@?$CList@PAUINStimCmd@@PAU1@@@QAEPAV?$CListNode@PAUINStimCmd@@PAU1@@@PAUINStimCmd@@@Z 00407570 f i CNStimCmdEngine.obj
 0001:00006610       ??4?$CSmartPtr@UINStimCmd@@@@QAEPAUINStimCmd@@PAU1@@Z 00407610 f i CNStimCmdEngine.obj
 0001:000066d0       ?LinkAfter@?$CListNode@PAUIPort@@PAU1@@@QAEXPAV1@@Z 004076d0 f i CNStimCmdEngine.obj
 0001:00006730       ?LinkAfter@?$CListNode@PAUINStimCmd@@PAU1@@@QAEXPAV1@@Z 00407730 f i CNStimCmdEngine.obj
 0001:00006790       ?GetNext@?$CListNode@PAUINStimCmd@@PAU1@@@QBEPAV1@XZ 00407790 f i CNStimCmdEngine.obj
 0001:000067c0       ?GetData@?$CListNode@PAUINStimCmd@@PAU1@@@QAEAAPAUINStimCmd@@XZ 004077c0 f i CNStimCmdEngine.obj
 0001:000067f0       ?IsEmpty@?$CList@PAUIPort@@PAU1@@@QBE_NXZ 004077f0 f i CNStimCmdEngine.obj
 0001:00006840       ?RemoveHead@?$CList@PAUIPort@@PAU1@@@QAEPAUIPort@@XZ 00407840 f i CNStimCmdEngine.obj
 0001:000068b0       ?IsEmpty@?$CList@PAUINStimCmd@@PAU1@@@QBE_NXZ 004078b0 f i CNStimCmdEngine.obj
 0001:00006900       ?RemoveHead@?$CList@PAUINStimCmd@@PAU1@@@QAEPAUINStimCmd@@XZ 00407900 f i CNStimCmdEngine.obj
 0001:00006970       ??0?$CListNode@PAUIPort@@PAU1@@@QAE@PAUIPort@@@Z 00407970 f i CNStimCmdEngine.obj
 0001:000069c0       ??0?$CListNode@PAUINStimCmd@@PAU1@@@QAE@PAUINStimCmd@@@Z 004079c0 f i CNStimCmdEngine.obj
 0001:00006a10       ?RemoveAt@?$CList@PAUIPort@@PAU1@@@QAEXPAX@Z 00407a10 f i CNStimCmdEngine.obj
 0001:00006ab0       ?RemoveAt@?$CList@PAUINStimCmd@@PAU1@@@QAEXPAX@Z 00407ab0 f i CNStimCmdEngine.obj
 0001:00006b50       ?GetData@?$CListNode@PAUIPort@@PAU1@@@QAEAAPAUIPort@@XZ 00407b50 f i CNStimCmdEngine.obj
 0001:00006b80       ??_G?$CListNode@PAUIPort@@PAU1@@@QAEPAXI@Z 00407b80 f i CNStimCmdEngine.obj
 0001:00006be0       ??_G?$CListNode@PAUINStimCmd@@PAU1@@@QAEPAXI@Z 00407be0 f i CNStimCmdEngine.obj
 0001:00006c40       ??1?$CListNode@PAUIPort@@PAU1@@@QAE@XZ 00407c40 f i CNStimCmdEngine.obj
 0001:00006c80       ?GetNext@?$CListNode@PAUIPort@@PAU1@@@QBEPAV1@XZ 00407c80 f i CNStimCmdEngine.obj
 0001:00006cb0       ?GetPrev@?$CListNode@PAUIPort@@PAU1@@@QAEPAV1@XZ 00407cb0 f i CNStimCmdEngine.obj
 0001:00006ce0       ??1?$CListNode@PAUINStimCmd@@PAU1@@@QAE@XZ 00407ce0 f i CNStimCmdEngine.obj
 0001:00006d20       ?GetPrev@?$CListNode@PAUINStimCmd@@PAU1@@@QAEPAV1@XZ 00407d20 f i CNStimCmdEngine.obj
 0001:00006d50       ?Unlink@?$CListNode@PAUIPort@@PAU1@@@QAEXXZ 00407d50 f i CNStimCmdEngine.obj
 0001:00006db0       ?Unlink@?$CListNode@PAUINStimCmd@@PAU1@@@QAEXXZ 00407db0 f i CNStimCmdEngine.obj
 0001:00006e10       ?QueryInterface@CNStimCmdEngine@@W3AGJABU_GUID@@PAPAX@Z 00407e10 f i CNStimCmdEngine.obj
 0001:00006e20       ?AddRef@CNStimCmdEngine@@W3AGKXZ 00407e20 f i CNStimCmdEngine.obj
 0001:00006e30       ?Release@CNStimCmdEngine@@W3AGKXZ 00407e30 f i CNStimCmdEngine.obj
 0001:00006e40       ?QueryInterface@CNStimCmdEngine@@W7AGJABU_GUID@@PAPAX@Z 00407e40 f i CNStimCmdEngine.obj
 0001:00006e50       ?AddRef@CNStimCmdEngine@@W7AGKXZ 00407e50 f i CNStimCmdEngine.obj
 0001:00006e60       ?Release@CNStimCmdEngine@@W7AGKXZ 00407e60 f i CNStimCmdEngine.obj
 0001:00006e70       ?OnPortEvent@CNStimCmdEngine@@W3AGJPAUIUnknown@@KKK@Z 00407e70 f i CNStimCmdEngine.obj
 0001:00006e80       ?Test@CNStimCmdEngine@@UAGJXZ 00407e80 f i CNStimCmdEngine.obj
 0001:00006eb0       ??0CNStimColorRectPatch@@QAE@XZ 00407eb0 f   CNStimColorRectPatch.obj
 0001:00007080       ??_ECNStimColorRectPatch@@UAEPAXI@Z 00408080 f i CNStimColorRectPatch.obj
 0001:00007080       ??_GCNStimColorRectPatch@@UAEPAXI@Z 00408080 f i CNStimColorRectPatch.obj
 0001:000070e0       ??1CNStimColorRectPatch@@UAE@XZ 004080e0 f   CNStimColorRectPatch.obj
 0001:00007120       ?AdvanceFrame@CNStimColorRectPatch@@UAGJH@Z 00408120 f   CNStimColorRectPatch.obj
 0001:00007150       ?Draw@CNStimColorRectPatch@@UAGJPAUINStimEngine@@@Z 00408150 f   CNStimColorRectPatch.obj
 0001:00007290       ?Init@CNStimColorRectPatch@@UAGJPAUINStimEngine@@@Z 00408290 f   CNStimColorRectPatch.obj
 0001:000072c0       ??0CNStimEngine@@QAE@XZ    004082c0 f   CNStimEngine.obj
 0001:00007460       ??_ECNStimEngine@@UAEPAXI@Z 00408460 f i CNStimEngine.obj
 0001:00007460       ??_GCNStimEngine@@UAEPAXI@Z 00408460 f i CNStimEngine.obj
 0001:000074c0       ??0INStimEngine@@QAE@XZ    004084c0 f i CNStimEngine.obj
 0001:00007500       ??1CNStimEngine@@UAE@XZ    00408500 f   CNStimEngine.obj
 0001:00007610       ?PrepareDeviceFor2D@CNStimEngine@@QAEXXZ 00408610 f   CNStimEngine.obj
 0001:00007770       ?AddRef@CNStimEngine@@UAGKXZ 00408770 f   CNStimEngine.obj
 0001:000077c0       ?QueryInterface@CNStimEngine@@UAGJABU_GUID@@PAPAX@Z 004087c0 f   CNStimEngine.obj
 0001:00007890       ?Release@CNStimEngine@@UAGKXZ 00408890 f   CNStimEngine.obj
 0001:00007920       ?Init@CNStimEngine@@QAE_NABV?$CSmartPtr@UINStimProfile@@@@@Z 00408920 f   CNStimEngine.obj
 0001:00007d90       ?SetState@CNStimEngine@@UAGJK@Z 00408d90 f   CNStimEngine.obj
 0001:00007e10       ?GetState@CNStimEngine@@UAGJPAK@Z 00408e10 f   CNStimEngine.obj
 0001:00007e50       ?Stop@CNStimEngine@@UAGJXZ 00408e50 f   CNStimEngine.obj
 0001:00007ec0       ?Snap@CNStimEngine@@UAGJPBE@Z 00408ec0 f   CNStimEngine.obj
 0001:000084d0       ?CalibFramerate@CNStimEngine@@UAGJH@Z 004094d0 f   CNStimEngine.obj
 0001:000089a0       ?Run@CNStimEngine@@UAGJXZ  004099a0 f   CNStimEngine.obj
 0001:0000a060       ?GetDirect3DDevice@CNStimEngine@@UAGJPAPAUIDirect3DDevice9@@@Z 0040b060 f   CNStimEngine.obj
 0001:0000a0c0       ?AddAtomA@CNStimEngine@@UAGJPAUINStimAtom@@@Z 0040b0c0 f   CNStimEngine.obj
 0001:0000a120       ?RemoveAtom@CNStimEngine@@UAGJPAUINStimAtom@@@Z 0040b120 f   CNStimEngine.obj
 0001:0000a1b0       ?FindAtomA@CNStimEngine@@UAGJPAEPAPAUINStimAtom@@@Z 0040b1b0 f   CNStimEngine.obj
 0001:0000a240       ?GetAtomCount@CNStimEngine@@UAGJPAH@Z 0040b240 f   CNStimEngine.obj
 0001:0000a280       ?GetAtom@CNStimEngine@@UAGJHPAPAUINStimAtom@@@Z 0040b280 f   CNStimEngine.obj
 0001:0000a2e0       ?ClearAtom@CNStimEngine@@UAGJXZ 0040b2e0 f   CNStimEngine.obj
 0001:0000a350       ?ClearSequence@CNStimEngine@@UAGJXZ 0040b350 f   CNStimEngine.obj
 0001:0000a390       ?ApplyViewport@CNStimEngine@@UAGJPAU_D3DVIEWPORT9@@@Z 0040b390 f   CNStimEngine.obj
 0001:0000a440       ??1?$CSmartPtr@UIDirect3DSurface9@@@@UAE@XZ 0040b440 f i CNStimEngine.obj
 0001:0000a4d0       ??C?$CSmartPtr@UIDirect3DSurface9@@@@QBEPAUIDirect3DSurface9@@XZ 0040b4d0 f i CNStimEngine.obj
 0001:0000a500       ??C?$CSmartPtr@UIDirect3DDevice9@@@@QBEPAUIDirect3DDevice9@@XZ 0040b500 f i CNStimEngine.obj
 0001:0000a530       ??0?$CList@PAUINStimAtom@@PAU1@@@QAE@H@Z 0040b530 f i CNStimEngine.obj
 0001:0000a580       ??1?$CList@PAUINStimAtom@@PAU1@@@UAE@XZ 0040b580 f i CNStimEngine.obj
 0001:0000a5c0       ?GetHeadPosition@?$CList@PAUINStimAtom@@PAU1@@@QAEPAXXZ 0040b5c0 f i CNStimEngine.obj
 0001:0000a5f0       ?GetCount@?$CList@PAUINStimAtom@@PAU1@@@QBEHXZ 0040b5f0 f i CNStimEngine.obj
 0001:0000a650       ?GetNext@?$CList@PAUINStimAtom@@PAU1@@@QAEAAPAUINStimAtom@@AAPAX@Z 0040b650 f i CNStimEngine.obj
 0001:0000a6a0       ?AddTail@?$CList@PAUINStimAtom@@PAU1@@@QAEPAXPAUINStimAtom@@@Z 0040b6a0 f i CNStimEngine.obj
 0001:0000a720       ?FindIndex@?$CList@PAUINStimAtom@@PAU1@@@QBEPAXH@Z 0040b720 f i CNStimEngine.obj
 0001:0000a780       ?GetAt@?$CList@PAUINStimAtom@@PAU1@@@QAEAAPAUINStimAtom@@PAX@Z 0040b780 f i CNStimEngine.obj
 0001:0000a7c0       ?IsEmpty@?$CList@PAUINStimAtom@@PAU1@@@QBE_NXZ 0040b7c0 f i CNStimEngine.obj
 0001:0000a810       ?RemoveAt@?$CList@PAUINStimAtom@@PAU1@@@QAEXPAX@Z 0040b810 f i CNStimEngine.obj
 0001:0000a8b0       ?RemoveHead@?$CList@PAUINStimAtom@@PAU1@@@QAEPAUINStimAtom@@XZ 0040b8b0 f i CNStimEngine.obj
 0001:0000a920       ??4?$CSmartPtr@UINStimProfile@@@@QAEAAV0@ABV0@@Z 0040b920 f i CNStimEngine.obj
 0001:0000a970       ??C?$CSmartPtr@UINStimProfile@@@@QBEPAUINStimProfile@@XZ 0040b970 f i CNStimEngine.obj
 0001:0000a9a0       ??_G?$CSmartPtr@UIDirect3DSurface9@@@@UAEPAXI@Z 0040b9a0 f i CNStimEngine.obj
 0001:0000a9a0       ??_E?$CSmartPtr@UIDirect3DSurface9@@@@UAEPAXI@Z 0040b9a0 f i CNStimEngine.obj
 0001:0000aa00       ??_E?$CList@PAUINStimAtom@@PAU1@@@UAEPAXI@Z 0040ba00 f i CNStimEngine.obj
 0001:0000aa00       ??_G?$CList@PAUINStimAtom@@PAU1@@@UAEPAXI@Z 0040ba00 f i CNStimEngine.obj
 0001:0000aa60       ??_G?$CListNode@PAUINStimAtom@@PAU1@@@QAEPAXI@Z 0040ba60 f i CNStimEngine.obj
 0001:0000aac0       ?RemoveAll@?$CList@PAUINStimAtom@@PAU1@@@QAEXXZ 0040bac0 f i CNStimEngine.obj
 0001:0000ab10       ?AllocNode@?$CList@PAUINStimAtom@@PAU1@@@QAEPAV?$CListNode@PAUINStimAtom@@PAU1@@@PAUINStimAtom@@@Z 0040bb10 f i CNStimEngine.obj
 0001:0000abb0       ??4?$CSmartPtr@UINStimProfile@@@@QAEPAUIUnknown@@PAU1@@Z 0040bbb0 f i CNStimEngine.obj
 0001:0000ac70       ??1?$CListNode@PAUINStimAtom@@PAU1@@@QAE@XZ 0040bc70 f i CNStimEngine.obj
 0001:0000acb0       ?LinkAfter@?$CListNode@PAUINStimAtom@@PAU1@@@QAEXPAV1@@Z 0040bcb0 f i CNStimEngine.obj
 0001:0000ad10       ?GetNext@?$CListNode@PAUINStimAtom@@PAU1@@@QBEPAV1@XZ 0040bd10 f i CNStimEngine.obj
 0001:0000ad40       ?GetPrev@?$CListNode@PAUINStimAtom@@PAU1@@@QAEPAV1@XZ 0040bd40 f i CNStimEngine.obj
 0001:0000ad70       ?GetData@?$CListNode@PAUINStimAtom@@PAU1@@@QAEAAPAUINStimAtom@@XZ 0040bd70 f i CNStimEngine.obj
 0001:0000ada0       ?GetPtr@?$CSmartPtr@UINStimProfile@@@@QBEPAUINStimProfile@@XZ 0040bda0 f i CNStimEngine.obj
 0001:0000add0       ??0?$CListNode@PAUINStimAtom@@PAU1@@@QAE@PAUINStimAtom@@@Z 0040bdd0 f i CNStimEngine.obj
 0001:0000ae20       ?Unlink@?$CListNode@PAUINStimAtom@@PAU1@@@QAEXXZ 0040be20 f i CNStimEngine.obj
 0001:0000ae80       ?GetDirect3DSurface@CDirect3DSurface@@QAEPAUIDirect3DSurface9@@XZ 0040be80 f i CNStimEngine.obj
 0001:0000aec0       ?GetPtr@?$CSmartPtr@UIDirect3DSurface9@@@@QBEPAUIDirect3DSurface9@@XZ 0040bec0 f i CNStimEngine.obj
 0001:0000aef0       ??CCDirect3DSurface@@QAE?AV?$CSmartPtr@UIDirect3DSurface9@@@@XZ 0040bef0 f i CNStimEngine.obj
 0001:0000af50       ??0?$CSmartPtr@UIDirect3DSurface9@@@@QAE@ABV0@@Z 0040bf50 f i CNStimEngine.obj
 0001:0000afb0       ??4?$CSmartPtr@UIDirect3DSurface9@@@@QAEAAV0@ABV0@@Z 0040bfb0 f i CNStimEngine.obj
 0001:0000b000       ??4?$CSmartPtr@UIDirect3DSurface9@@@@QAEPAUIUnknown@@PAU1@@Z 0040c000 f i CNStimEngine.obj
 0001:0000b0c0       ??4CDirect3DDevice@@QAEAAV0@ABV0@@Z 0040c0c0 f i CNStimEngine.obj
 0001:0000b110       ??4?$CSmartPtr@UIDirect3DDevice9@@@@QAEAAV0@ABV0@@Z 0040c110 f i CNStimEngine.obj
 0001:0000b160       ??4?$CSmartPtr@UIDirect3DDevice9@@@@QAEPAUIUnknown@@PAU1@@Z 0040c160 f i CNStimEngine.obj
 0001:0000b220       ?GetPtr@?$CSmartPtr@UIDirect3DDevice9@@@@QBEPAUIDirect3DDevice9@@XZ 0040c220 f i CNStimEngine.obj
 0001:0000b250       ??CCDirect3DDevice@@QAE?AV?$CSmartPtr@UIDirect3DDevice9@@@@XZ 0040c250 f i CNStimEngine.obj
 0001:0000b2b0       ??0?$CSmartPtr@UIDirect3DDevice9@@@@QAE@ABV0@@Z 0040c2b0 f i CNStimEngine.obj
 0001:0000b310       ?GetDirect3DDevice@CDirect3DDevice@@QAEPAUIDirect3DDevice9@@XZ 0040c310 f i CNStimEngine.obj
 0001:0000b350       ?GetViewportCenter@CNStimEngine@@UAGJPAH0@Z 0040c350 f i CNStimEngine.obj
 0001:0000b390       ?SetViewportCenter@CNStimEngine@@UAGJHH@Z 0040c390 f i CNStimEngine.obj
 0001:0000b3d0       ?Stimulate@CNStimEngine@@UAGJKPAE@Z 0040c3d0 f i CNStimEngine.obj
 0001:0000b480       ?Simulate@CNStimEngine@@UAGJKPAE@Z 0040c480 f i CNStimEngine.obj
 0001:0000b530       ?AddSequenceMarker@CNStimEngine@@UAGJHHPAEKH@Z 0040c530 f i CNStimEngine.obj
 0001:0000b5b0       ?SetBkColor@CNStimEngine@@UAGJK@Z 0040c5b0 f i CNStimEngine.obj
 0001:0000b5e0       ?GetBkColor@CNStimEngine@@UAGJPAK@Z 0040c5e0 f i CNStimEngine.obj
 0001:0000b620       ?GetFrameRate@CNStimEngine@@UAGJPAN@Z 0040c620 f i CNStimEngine.obj
 0001:0000b660       ?GetDisplayMode@CNStimEngine@@UAGJPAPAU_D3DDISPLAYMODE@@@Z 0040c660 f i CNStimEngine.obj
 0001:0000b6a0       ?SetGammaRampElement@CNStimEngine@@UAGJHGGG@Z 0040c6a0 f i CNStimEngine.obj
 0001:0000b780       ?GetGammaRampElement@CNStimEngine@@UAGJHPAG00@Z 0040c780 f i CNStimEngine.obj
 0001:0000b7e0       ?SetGammaRamp@CNStimEngine@@UAGJPAU_D3DGAMMARAMP@@@Z 0040c7e0 f i CNStimEngine.obj
 0001:0000b8a0       ?GetGammaRamp@CNStimEngine@@UAGJPAU_D3DGAMMARAMP@@@Z 0040c8a0 f i CNStimEngine.obj
 0001:0000b8f0       ??0CNStimExecAtom@@QAE@XZ  0040c8f0 f   CNStimExecAtom.obj
 0001:0000b940       ??_ECNStimExecAtom@@UAEPAXI@Z 0040c940 f i CNStimExecAtom.obj
 0001:0000b940       ??_GCNStimExecAtom@@UAEPAXI@Z 0040c940 f i CNStimExecAtom.obj
 0001:0000b9a0       ??1CNStimExecAtom@@UAE@XZ  0040c9a0 f   CNStimExecAtom.obj
 0001:0000b9e0       ??0CNStimFloatPatchParam@@QAE@XZ 0040c9e0 f   CNStimFloatPatchParam.obj
 0001:0000ba40       ??_ECNStimFloatPatchParam@@UAEPAXI@Z 0040ca40 f i CNStimFloatPatchParam.obj
 0001:0000ba40       ??_GCNStimFloatPatchParam@@UAEPAXI@Z 0040ca40 f i CNStimFloatPatchParam.obj
 0001:0000baa0       ??1CNStimFloatPatchParam@@UAE@XZ 0040caa0 f   CNStimFloatPatchParam.obj
 0001:0000bae0       ?GetSize@CNStimPatchParam@@UAGJPAK@Z 0040cae0 f i CNStimFloatPatchParam.obj
 0001:0000bb10       ?GetByte@CNStimPatchParam@@UAGJHPAE@Z 0040cb10 f i CNStimFloatPatchParam.obj
 0001:0000bb40       ?GetRawData@CNStimPatchParam@@UAGJPAPAE@Z 0040cb40 f i CNStimFloatPatchParam.obj
 0001:0000bb70       ?GetParamType@CNStimFloatPatchParam@@UAGJPAPAE@Z 0040cb70 f i CNStimFloatPatchParam.obj
 0001:0000bbb0       ?GetParamFloat@CNStimFloatPatchParam@@UAGJPAM@Z 0040cbb0 f i CNStimFloatPatchParam.obj
 0001:0000bbf0       ?SetParamFloat@CNStimFloatPatchParam@@UAGJM@Z 0040cbf0 f i CNStimFloatPatchParam.obj
 0001:0000bc20       ?SetParamString@CNStimFloatPatchParam@@UAGJPAE@Z 0040cc20 f i CNStimFloatPatchParam.obj
 0001:0000bcf0       ??0CNStimGratingPatch@@QAE@XZ 0040ccf0 f   CNStimGratingPatch.obj
 0001:0000c630       ??_GCNStimGratingPatch@@UAEPAXI@Z 0040d630 f i CNStimGratingPatch.obj
 0001:0000c630       ??_ECNStimGratingPatch@@UAEPAXI@Z 0040d630 f i CNStimGratingPatch.obj
 0001:0000c690       ??1CNStimGratingPatch@@UAE@XZ 0040d690 f   CNStimGratingPatch.obj
 0001:0000c7b0       ?AdvanceFrame@CNStimGratingPatch@@UAGJH@Z 0040d7b0 f   CNStimGratingPatch.obj
 0001:0000ca40       ?Draw@CNStimGratingPatch@@UAGJPAUINStimEngine@@@Z 0040da40 f   CNStimGratingPatch.obj
 0001:0000d440       ?Init@CNStimGratingPatch@@UAGJPAUINStimEngine@@@Z 0040e440 f   CNStimGratingPatch.obj
 0001:0000e5d0       ?Reset@CNStimGratingPatch@@UAGJPAUINStimEngine@@@Z 0040f5d0 f   CNStimGratingPatch.obj
 0001:0000e6c0       ?SetParam@CNStimGratingPatch@@UAGJPAE0@Z 0040f6c0 f   CNStimGratingPatch.obj
 0001:0000e830       ??1?$CSmartPtr@UIDirect3DTexture9@@@@UAE@XZ 0040f830 f i CNStimGratingPatch.obj
 0001:0000e8c0       ??C?$CSmartPtr@UIDirect3DTexture9@@@@QBEPAUIDirect3DTexture9@@XZ 0040f8c0 f i CNStimGratingPatch.obj
 0001:0000e8f0       ??1?$CSmartPtr@UIDirect3DVertexBuffer9@@@@UAE@XZ 0040f8f0 f i CNStimGratingPatch.obj
 0001:0000e980       ??C?$CSmartPtr@UIDirect3DVertexBuffer9@@@@QBEPAUIDirect3DVertexBuffer9@@XZ 0040f980 f i CNStimGratingPatch.obj
 0001:0000e9b0       ??_G?$CSmartPtr@UIDirect3DTexture9@@@@UAEPAXI@Z 0040f9b0 f i CNStimGratingPatch.obj
 0001:0000e9b0       ??_E?$CSmartPtr@UIDirect3DTexture9@@@@UAEPAXI@Z 0040f9b0 f i CNStimGratingPatch.obj
 0001:0000ea10       ??_E?$CSmartPtr@UIDirect3DVertexBuffer9@@@@UAEPAXI@Z 0040fa10 f i CNStimGratingPatch.obj
 0001:0000ea10       ??_G?$CSmartPtr@UIDirect3DVertexBuffer9@@@@UAEPAXI@Z 0040fa10 f i CNStimGratingPatch.obj
 0001:0000ea70       ?SetUnit@CNStimIntPatchParam@@QAEXPBD@Z 0040fa70 f i CNStimGratingPatch.obj
 0001:0000eac0       ??4CDirect3DSurface@@QAEAAV0@ABV0@@Z 0040fac0 f i CNStimGratingPatch.obj
 0001:0000eb10       ?IsNull@CDirect3DTexture@@QAE_NXZ 0040fb10 f i CNStimGratingPatch.obj
 0001:0000eb50       ?IsNull@?$CSmartPtr@UIDirect3DTexture9@@@@QBE?B_NXZ 0040fb50 f i CNStimGratingPatch.obj
 0001:0000eb80       ?GetDirect3DTexture@CDirect3DTexture@@QAEPAUIDirect3DTexture9@@XZ 0040fb80 f i CNStimGratingPatch.obj
 0001:0000ebc0       ?GetPtr@?$CSmartPtr@UIDirect3DTexture9@@@@QBEPAUIDirect3DTexture9@@XZ 0040fbc0 f i CNStimGratingPatch.obj
 0001:0000ebf0       ??CCDirect3DTexture@@QAE?AV?$CSmartPtr@UIDirect3DTexture9@@@@XZ 0040fbf0 f i CNStimGratingPatch.obj
 0001:0000ec50       ??0?$CSmartPtr@UIDirect3DTexture9@@@@QAE@ABV0@@Z 0040fc50 f i CNStimGratingPatch.obj
 0001:0000ecb0       ??4?$CSmartPtr@UIDirect3DTexture9@@@@QAEAAV0@ABV0@@Z 0040fcb0 f i CNStimGratingPatch.obj
 0001:0000ed00       ??4?$CSmartPtr@UIDirect3DTexture9@@@@QAEPAUIUnknown@@PAU1@@Z 0040fd00 f i CNStimGratingPatch.obj
 0001:0000edc0       ??4CDirect3DTexture@@QAEAAV0@ABV0@@Z 0040fdc0 f i CNStimGratingPatch.obj
 0001:0000ee10       ?GetDirect3DVertexBuffer@CDirect3DVertexBuffer@@QAEPAUIDirect3DVertexBuffer9@@XZ 0040fe10 f i CNStimGratingPatch.obj
 0001:0000ee50       ?GetPtr@?$CSmartPtr@UIDirect3DVertexBuffer9@@@@QBEPAUIDirect3DVertexBuffer9@@XZ 0040fe50 f i CNStimGratingPatch.obj
 0001:0000ee80       ??CCDirect3DVertexBuffer@@QAE?AV?$CSmartPtr@UIDirect3DVertexBuffer9@@@@XZ 0040fe80 f i CNStimGratingPatch.obj
 0001:0000eee0       ??0?$CSmartPtr@UIDirect3DVertexBuffer9@@@@QAE@ABV0@@Z 0040fee0 f i CNStimGratingPatch.obj
 0001:0000ef40       ??4?$CSmartPtr@UIDirect3DVertexBuffer9@@@@QAEAAV0@ABV0@@Z 0040ff40 f i CNStimGratingPatch.obj
 0001:0000ef90       ??4?$CSmartPtr@UIDirect3DVertexBuffer9@@@@QAEPAUIUnknown@@PAU1@@Z 0040ff90 f i CNStimGratingPatch.obj
 0001:0000f050       ??4CDirect3DVertexBuffer@@QAEAAV0@ABV0@@Z 00410050 f i CNStimGratingPatch.obj
 0001:0000f0a0       ?GetType@CNStimGratingPatch@@UAGJPAPAE@Z 004100a0 f i CNStimGratingPatch.obj
 0001:0000f0e0       ?GetParamDataPtr@CNStimFloatPatchParam@@QAEPAMXZ 004100e0 f i CNStimGratingPatch.obj
 0001:0000f110       ?SetUnit@CNStimFloatPatchParam@@QAEXPBD@Z 00410110 f i CNStimGratingPatch.obj
 0001:0000f160       ??0CNStimIntArrayPatchParam@@QAE@XZ 00410160 f   CNStimIntArrayPatchParam.obj
 0001:0000f1c0       ??_ECNStimIntArrayPatchParam@@UAEPAXI@Z 004101c0 f i CNStimIntArrayPatchParam.obj
 0001:0000f1c0       ??_GCNStimIntArrayPatchParam@@UAEPAXI@Z 004101c0 f i CNStimIntArrayPatchParam.obj
 0001:0000f220       ??1CNStimIntArrayPatchParam@@UAE@XZ 00410220 f   CNStimIntArrayPatchParam.obj
 0001:0000f2b0       ?GetParamType@CNStimIntArrayPatchParam@@UAGJPAPAE@Z 004102b0 f   CNStimIntArrayPatchParam.obj
 0001:0000f2e0       ?GetSize@CNStimIntArrayPatchParam@@UAGJPAK@Z 004102e0 f   CNStimIntArrayPatchParam.obj
 0001:0000f320       ?GetByte@CNStimIntArrayPatchParam@@UAGJHPAE@Z 00410320 f   CNStimIntArrayPatchParam.obj
 0001:0000f360       ?GetRawData@CNStimIntArrayPatchParam@@UAGJPAPAE@Z 00410360 f   CNStimIntArrayPatchParam.obj
 0001:0000f390       ?SetParamString@CNStimIntArrayPatchParam@@UAGJPAE@Z 00410390 f   CNStimIntArrayPatchParam.obj
 0001:0000f520       ??0CNStimIntPatchParam@@QAE@XZ 00410520 f   CNStimIntPatchParam.obj
 0001:0000f580       ??_ECNStimIntPatchParam@@UAEPAXI@Z 00410580 f i CNStimIntPatchParam.obj
 0001:0000f580       ??_GCNStimIntPatchParam@@UAEPAXI@Z 00410580 f i CNStimIntPatchParam.obj
 0001:0000f5e0       ??1CNStimIntPatchParam@@UAE@XZ 004105e0 f   CNStimIntPatchParam.obj
 0001:0000f620       ?GetParamType@CNStimIntPatchParam@@UAGJPAPAE@Z 00410620 f   CNStimIntPatchParam.obj
 0001:0000f660       ?GetParamInt@CNStimIntPatchParam@@UAGJPAH@Z 00410660 f   CNStimIntPatchParam.obj
 0001:0000f6a0       ?SetParamInt@CNStimIntPatchParam@@UAGJH@Z 004106a0 f   CNStimIntPatchParam.obj
 0001:0000f6d0       ?SetParamString@CNStimIntPatchParam@@UAGJPAE@Z 004106d0 f i CNStimIntPatchParam.obj
 0001:0000f800       ??0CNStimLeechAtom@@QAE@XZ 00410800 f   CNStimLeechAtom.obj
 0001:0000f8a0       ??_GCNStimLeechAtom@@UAEPAXI@Z 004108a0 f i CNStimLeechAtom.obj
 0001:0000f8a0       ??_ECNStimLeechAtom@@UAEPAXI@Z 004108a0 f i CNStimLeechAtom.obj
 0001:0000f900       ??1CNStimLeechAtom@@UAE@XZ 00410900 f   CNStimLeechAtom.obj
 0001:0000f990       ??0?$CList@PAULeechParamCtrlItem@@PAU1@@@QAE@H@Z 00410990 f i CNStimLeechAtom.obj
 0001:0000f9e0       ??1?$CList@PAULeechParamCtrlItem@@PAU1@@@UAE@XZ 004109e0 f i CNStimLeechAtom.obj
 0001:0000fa20       ??_G?$CList@PAULeechParamCtrlItem@@PAU1@@@UAEPAXI@Z 00410a20 f i CNStimLeechAtom.obj
 0001:0000fa20       ??_E?$CList@PAULeechParamCtrlItem@@PAU1@@@UAEPAXI@Z 00410a20 f i CNStimLeechAtom.obj
 0001:0000fa80       ?RemoveAll@?$CList@PAULeechParamCtrlItem@@PAU1@@@QAEXXZ 00410a80 f i CNStimLeechAtom.obj
 0001:0000fad0       ?IsEmpty@?$CList@PAULeechParamCtrlItem@@PAU1@@@QBE_NXZ 00410ad0 f i CNStimLeechAtom.obj
 0001:0000fb20       ?RemoveHead@?$CList@PAULeechParamCtrlItem@@PAU1@@@QAEPAULeechParamCtrlItem@@XZ 00410b20 f i CNStimLeechAtom.obj
 0001:0000fb90       ?GetData@?$CListNode@PAULeechParamCtrlItem@@PAU1@@@QAEAAPAULeechParamCtrlItem@@XZ 00410b90 f i CNStimLeechAtom.obj
 0001:0000fbc0       ?RemoveAt@?$CList@PAULeechParamCtrlItem@@PAU1@@@QAEXPAX@Z 00410bc0 f i CNStimLeechAtom.obj
 0001:0000fc60       ?GetNext@?$CListNode@PAULeechParamCtrlItem@@PAU1@@@QBEPAV1@XZ 00410c60 f i CNStimLeechAtom.obj
 0001:0000fc90       ??_G?$CListNode@PAULeechParamCtrlItem@@PAU1@@@QAEPAXI@Z 00410c90 f i CNStimLeechAtom.obj
 0001:0000fcf0       ??1?$CListNode@PAULeechParamCtrlItem@@PAU1@@@QAE@XZ 00410cf0 f i CNStimLeechAtom.obj
 0001:0000fd30       ?GetPrev@?$CListNode@PAULeechParamCtrlItem@@PAU1@@@QAEPAV1@XZ 00410d30 f i CNStimLeechAtom.obj
 0001:0000fd60       ?Unlink@?$CListNode@PAULeechParamCtrlItem@@PAU1@@@QAEXXZ 00410d60 f i CNStimLeechAtom.obj
 0001:0000fdc0       ?Exec@CNStimLeechAtom@@UAGJPAUINStimEngine@@@Z 00410dc0 f i CNStimLeechAtom.obj
 0001:0000fe70       ?GetHeadPosition@?$CList@PAULeechParamCtrlItem@@PAU1@@@QAEPAXXZ 00410e70 f i CNStimLeechAtom.obj
 0001:0000fea0       ?GetNext@?$CList@PAULeechParamCtrlItem@@PAU1@@@QAEAAPAULeechParamCtrlItem@@AAPAX@Z 00410ea0 f i CNStimLeechAtom.obj
 0001:0000fef0       ?Reset@CNStimLeechAtom@@UAGJPAUINStimEngine@@@Z 00410ef0 f i CNStimLeechAtom.obj
 0001:0000ff20       ?Init@CNStimLeechAtom@@UAGJPAUINStimEngine@@@Z 00410f20 f i CNStimLeechAtom.obj
 0001:0000ffe0       ?GetParamDataPtr@CNStimStringPatchParam@@QAEPADXZ 00410fe0 f i CNStimLeechAtom.obj
 0001:00010010       ?SetParam@CNStimLeechAtom@@UAGJPAE0@Z 00411010 f i CNStimLeechAtom.obj
 0001:00010110       ?AddTail@?$CList@PAULeechParamCtrlItem@@PAU1@@@QAEPAXPAULeechParamCtrlItem@@@Z 00411110 f i CNStimLeechAtom.obj
 0001:00010190       ?AllocNode@?$CList@PAULeechParamCtrlItem@@PAU1@@@QAEPAV?$CListNode@PAULeechParamCtrlItem@@PAU1@@@PAULeechParamCtrlItem@@@Z 00411190 f i CNStimLeechAtom.obj
 0001:00010230       ?LinkAfter@?$CListNode@PAULeechParamCtrlItem@@PAU1@@@QAEXPAV1@@Z 00411230 f i CNStimLeechAtom.obj
 0001:00010290       ??0?$CListNode@PAULeechParamCtrlItem@@PAU1@@@QAE@PAULeechParamCtrlItem@@@Z 00411290 f i CNStimLeechAtom.obj
 0001:000102e0       ?GetType@CNStimLeechAtom@@UAGJPAPAE@Z 004112e0 f i CNStimLeechAtom.obj
 0001:00010320       ??0LeechParamCtrlItem@@QAE@XZ 00411320 f i CNStimLeechAtom.obj
 0001:000103a0       ??0CNStimCtrlCmd@@QAE@XZ   004113a0 f   CNStimListCmd.obj
 0001:00010440       ??_GCNStimCtrlCmd@@UAEPAXI@Z 00411440 f i CNStimListCmd.obj
 0001:00010440       ??_ECNStimCtrlCmd@@UAEPAXI@Z 00411440 f i CNStimListCmd.obj
 0001:000104a0       ??1CNStimCtrlCmd@@UAE@XZ   004114a0 f   CNStimListCmd.obj
 0001:000104d0       ?AddRef@CNStimCtrlCmd@@UAGKXZ 004114d0 f   CNStimListCmd.obj
 0001:00010520       ?QueryInterface@CNStimCtrlCmd@@UAGJABU_GUID@@PAPAX@Z 00411520 f   CNStimListCmd.obj
 0001:000105f0       ?Release@CNStimCtrlCmd@@UAGKXZ 004115f0 f   CNStimListCmd.obj
 0001:00010680       ?IsCmd@CNStimCtrlCmd@@UAGJPAE@Z 00411680 f   CNStimListCmd.obj
 0001:00010940       ?Help@CNStimCtrlCmd@@UAGJPAEPAUINStimApp@@PAUIPort@@@Z 00411940 f   CNStimListCmd.obj
 0001:00010a50       ?Exec@CNStimCtrlCmd@@UAGJPAEPAUINStimApp@@PAUIPort@@@Z 00411a50 f   CNStimListCmd.obj
 0001:00011f50       ??0NStimSequenceItemParam@@QAE@XZ 00412f50 f i CNStimListCmd.obj
 0001:00011fd0       ??0?$CList@UNStimSequenceItemParam@@U1@@@QAE@H@Z 00412fd0 f i CNStimListCmd.obj
 0001:00012020       ??1?$CList@UNStimSequenceItemParam@@U1@@@UAE@XZ 00413020 f i CNStimListCmd.obj
 0001:00012060       ?AddTail@?$CList@UNStimSequenceItemParam@@U1@@@QAEPAXUNStimSequenceItemParam@@@Z 00413060 f i CNStimListCmd.obj
 0001:00012130       ??_G?$CList@UNStimSequenceItemParam@@U1@@@UAEPAXI@Z 00413130 f i CNStimListCmd.obj
 0001:00012130       ??_E?$CList@UNStimSequenceItemParam@@U1@@@UAEPAXI@Z 00413130 f i CNStimListCmd.obj
 0001:00012190       ?RemoveAll@?$CList@UNStimSequenceItemParam@@U1@@@QAEXXZ 00413190 f i CNStimListCmd.obj
 0001:000121f0       ?AllocNode@?$CList@UNStimSequenceItemParam@@U1@@@QAEPAV?$CListNode@UNStimSequenceItemParam@@U1@@@UNStimSequenceItemParam@@@Z 004131f0 f i CNStimListCmd.obj
 0001:000122b0       ?LinkAfter@?$CListNode@UNStimSequenceItemParam@@U1@@@QAEXPAV1@@Z 004132b0 f i CNStimListCmd.obj
 0001:00012310       ?IsEmpty@?$CList@UNStimSequenceItemParam@@U1@@@QBE_NXZ 00413310 f i CNStimListCmd.obj
 0001:00012360       ?RemoveHead@?$CList@UNStimSequenceItemParam@@U1@@@QAE?AUNStimSequenceItemParam@@XZ 00413360 f i CNStimListCmd.obj
 0001:00012430       ?GetData@?$CListNode@UNStimSequenceItemParam@@U1@@@QAEAAUNStimSequenceItemParam@@XZ 00413430 f i CNStimListCmd.obj
 0001:00012460       ??0?$CListNode@UNStimSequenceItemParam@@U1@@@QAE@UNStimSequenceItemParam@@@Z 00413460 f i CNStimListCmd.obj
 0001:00012500       ??4NStimSequenceItemParam@@QAEAAU0@ABU0@@Z 00413500 f i CNStimListCmd.obj
 0001:00012560       ?RemoveAt@?$CList@UNStimSequenceItemParam@@U1@@@QAEXPAX@Z 00413560 f i CNStimListCmd.obj
 0001:00012600       ?GetNext@?$CListNode@UNStimSequenceItemParam@@U1@@@QBEPAV1@XZ 00413600 f i CNStimListCmd.obj
 0001:00012630       ??_G?$CListNode@UNStimSequenceItemParam@@U1@@@QAEPAXI@Z 00413630 f i CNStimListCmd.obj
 0001:00012690       ??1?$CListNode@UNStimSequenceItemParam@@U1@@@QAE@XZ 00413690 f i CNStimListCmd.obj
 0001:00012700       ?GetPrev@?$CListNode@UNStimSequenceItemParam@@U1@@@QAEPAV1@XZ 00413700 f i CNStimListCmd.obj
 0001:00012730       ?Unlink@?$CListNode@UNStimSequenceItemParam@@U1@@@QAEXXZ 00413730 f i CNStimListCmd.obj
 0001:00012790       ??0NStimSequenceItemParam@@QAE@ABU0@@Z 00413790 f i CNStimListCmd.obj
 0001:00012810       ??1NStimSequenceItemParam@@QAE@XZ 00413810 f i CNStimListCmd.obj
 0001:00012880       ??0CNStimLptAtom@@QAE@XZ   00413880 f   CNStimLptAtom.obj
 0001:00012b10       ??_GCNStimLptAtom@@UAEPAXI@Z 00413b10 f i CNStimLptAtom.obj
 0001:00012b10       ??_ECNStimLptAtom@@UAEPAXI@Z 00413b10 f i CNStimLptAtom.obj
 0001:00012b70       ??1CNStimLptAtom@@UAE@XZ   00413b70 f   CNStimLptAtom.obj
 0001:00012bf0       ?Exec@CNStimLptAtom@@UAGJPAUINStimEngine@@@Z 00413bf0 f i CNStimLptAtom.obj
 0001:00012c60       ?Init@CNStimLptAtom@@UAGJPAUINStimEngine@@@Z 00413c60 f i CNStimLptAtom.obj
 0001:00012cb0       ?Reset@CNStimLptAtom@@UAGJPAUINStimEngine@@@Z 00413cb0 f i CNStimLptAtom.obj
 0001:00012ce0       ?GetType@CNStimLptAtom@@UAGJPAPAE@Z 00413ce0 f i CNStimLptAtom.obj
 0001:00012d20       ??0CNStimLptCmd@@QAE@XZ    00413d20 f   CNStimLptCmd.obj
 0001:00012d70       ??_GCNStimLptCmd@@UAEPAXI@Z 00413d70 f i CNStimLptCmd.obj
 0001:00012d70       ??_ECNStimLptCmd@@UAEPAXI@Z 00413d70 f i CNStimLptCmd.obj
 0001:00012dd0       ??1CNStimLptCmd@@UAE@XZ    00413dd0 f   CNStimLptCmd.obj
 0001:00012e00       ?AddRef@CNStimLptCmd@@UAGKXZ 00413e00 f   CNStimLptCmd.obj
 0001:00012e50       ?QueryInterface@CNStimLptCmd@@UAGJABU_GUID@@PAPAX@Z 00413e50 f   CNStimLptCmd.obj
 0001:00012f20       ?Release@CNStimLptCmd@@UAGKXZ 00413f20 f   CNStimLptCmd.obj
 0001:00012fb0       ?IsCmd@CNStimLptCmd@@UAGJPAE@Z 00413fb0 f   CNStimLptCmd.obj
 0001:00013000       ?Exec@CNStimLptCmd@@UAGJPAEPAUINStimApp@@PAUIPort@@@Z 00414000 f   CNStimLptCmd.obj
 0001:00013250       ?Help@CNStimLptCmd@@UAGJPAEPAUINStimApp@@PAUIPort@@@Z 00414250 f i CNStimLptCmd.obj
 0001:00013280       ??0CNStimOIGratingPatch@@QAE@XZ 00414280 f   CNStimOIGratingPatch.obj
 0001:00013720       ??_ECNStimOIGratingPatch@@UAEPAXI@Z 00414720 f i CNStimOIGratingPatch.obj
 0001:00013720       ??_GCNStimOIGratingPatch@@UAEPAXI@Z 00414720 f i CNStimOIGratingPatch.obj
 0001:00013780       ??1CNStimOIGratingPatch@@UAE@XZ 00414780 f   CNStimOIGratingPatch.obj
 0001:00013820       ?AdvanceFrame@CNStimOIGratingPatch@@UAGJH@Z 00414820 f   CNStimOIGratingPatch.obj
 0001:00013950       ?AdvanceCondFrame@CNStimOIGratingPatch@@AAEXPAUCondDesc@1@@Z 00414950 f   CNStimOIGratingPatch.obj
 0001:00013a80       ?Draw@CNStimOIGratingPatch@@UAGJPAUINStimEngine@@@Z 00414a80 f   CNStimOIGratingPatch.obj
 0001:00013b10       ?DrawCond@CNStimOIGratingPatch@@AAEXPAUINStimEngine@@PAUCondDesc@1@_N@Z 00414b10 f   CNStimOIGratingPatch.obj
 0001:00014340       ?ResetCond@CNStimOIGratingPatch@@AAEXPAUCondDesc@1@@Z 00415340 f   CNStimOIGratingPatch.obj
 0001:00014380       ?InitCond@CNStimOIGratingPatch@@AAEXPAUINStimEngine@@PAUCondDesc@1@@Z 00415380 f   CNStimOIGratingPatch.obj
 0001:00014750       ?Init@CNStimOIGratingPatch@@UAGJPAUINStimEngine@@@Z 00415750 f   CNStimOIGratingPatch.obj
 0001:00015570       ?Reset@CNStimOIGratingPatch@@UAGJPAUINStimEngine@@@Z 00416570 f   CNStimOIGratingPatch.obj
 0001:00015620       ?SetParam@CNStimOIGratingPatch@@UAGJPAE0@Z 00416620 f   CNStimOIGratingPatch.obj
 0001:00016110       ??_ECondDesc@CNStimOIGratingPatch@@QAEPAXI@Z 00417110 f i CNStimOIGratingPatch.obj
 0001:000161b0       ??0CondDesc@CNStimOIGratingPatch@@QAE@XZ 004171b0 f i CNStimOIGratingPatch.obj
 0001:000161f0       ??1CondDesc@CNStimOIGratingPatch@@QAE@XZ 004171f0 f i CNStimOIGratingPatch.obj
 0001:00016230       ?GetParamDataPtr@CNStimIntArrayPatchParam@@QAEPAPAHXZ 00417230 f i CNStimOIGratingPatch.obj
 0001:00016260       ?GetParamSizePtr@CNStimIntArrayPatchParam@@QAEPAHXZ 00417260 f i CNStimOIGratingPatch.obj
 0001:00016290       ?GetType@CNStimOIGratingPatch@@UAGJPAPAE@Z 00417290 f i CNStimOIGratingPatch.obj
 0001:000162d0       ??0CNStimPatch@@QAE@XZ     004172d0 f   CNStimPatch.obj
 0001:000165e0       ??_GCNStimPatch@@UAEPAXI@Z 004175e0 f i CNStimPatch.obj
 0001:000165e0       ??_ECNStimPatch@@UAEPAXI@Z 004175e0 f i CNStimPatch.obj
 0001:00016640       ??0INStimPatch@@QAE@XZ     00417640 f i CNStimPatch.obj
 0001:00016680       ??1CNStimPatch@@UAE@XZ     00417680 f   CNStimPatch.obj
 0001:00016710       ?AddRef@CNStimPatch@@UAGKXZ 00417710 f   CNStimPatch.obj
 0001:00016760       ?QueryInterface@CNStimPatch@@UAGJABU_GUID@@PAPAX@Z 00417760 f   CNStimPatch.obj
 0001:00016830       ?Release@CNStimPatch@@UAGKXZ 00417830 f   CNStimPatch.obj
 0001:000168c0       ?GetParamCount@CNStimPatch@@UAGJPAH@Z 004178c0 f   CNStimPatch.obj
 0001:00016900       ?GetParam@CNStimPatch@@UAGJHPAPAUINStimParam@@@Z 00417900 f   CNStimPatch.obj
 0001:00016960       ??0CNStimPatchCmd@@QAE@XZ  00417960 f   CNStimPatchCmd.obj
 0001:000169b0       ??_ECNStimPatchCmd@@UAEPAXI@Z 004179b0 f i CNStimPatchCmd.obj
 0001:000169b0       ??_GCNStimPatchCmd@@UAEPAXI@Z 004179b0 f i CNStimPatchCmd.obj
 0001:00016a10       ??1CNStimPatchCmd@@UAE@XZ  00417a10 f   CNStimPatchCmd.obj
 0001:00016a40       ?AddRef@CNStimPatchCmd@@UAGKXZ 00417a40 f   CNStimPatchCmd.obj
 0001:00016a90       ?QueryInterface@CNStimPatchCmd@@UAGJABU_GUID@@PAPAX@Z 00417a90 f   CNStimPatchCmd.obj
 0001:00016b60       ?Release@CNStimPatchCmd@@UAGKXZ 00417b60 f   CNStimPatchCmd.obj
 0001:00016bf0       ?IsCmd@CNStimPatchCmd@@UAGJPAE@Z 00417bf0 f   CNStimPatchCmd.obj
 0001:00016c40       ?Exec@CNStimPatchCmd@@UAGJPAEPAUINStimApp@@PAUIPort@@@Z 00417c40 f   CNStimPatchCmd.obj
 0001:00016e80       ?Help@CNStimPatchCmd@@UAGJPAEPAUINStimApp@@PAUIPort@@@Z 00417e80 f i CNStimPatchCmd.obj
 0001:00016eb0       ??0CNStimPatchParam@@QAE@XZ 00417eb0 f   CNStimPatchParam.obj
 0001:00016f10       ??_ECNStimPatchParam@@UAEPAXI@Z 00417f10 f i CNStimPatchParam.obj
 0001:00016f10       ??_GCNStimPatchParam@@UAEPAXI@Z 00417f10 f i CNStimPatchParam.obj
 0001:00016f70       ??0INStimParam@@QAE@XZ     00417f70 f i CNStimPatchParam.obj
 0001:00016fb0       ??1CNStimPatchParam@@UAE@XZ 00417fb0 f   CNStimPatchParam.obj
 0001:00017000       ?AddRef@CNStimPatchParam@@UAGKXZ 00418000 f   CNStimPatchParam.obj
 0001:00017050       ?QueryInterface@CNStimPatchParam@@UAGJABU_GUID@@PAPAX@Z 00418050 f   CNStimPatchParam.obj
 0001:00017120       ?Release@CNStimPatchParam@@UAGKXZ 00418120 f   CNStimPatchParam.obj
 0001:000171b0       ?GetParamType@CNStimPatchParam@@UAGJPAPAE@Z 004181b0 f i CNStimPatchParam.obj
 0001:000171e0       ?GetStimProfile@CNStimProfile@@SAPAV1@XZ 004181e0 f   CNStimProfile.obj
 0001:00017210       ??0CNStimProfile@@QAE@XZ   00418210 f   CNStimProfile.obj
 0001:000172b0       ??_ECNStimProfile@@UAEPAXI@Z 004182b0 f i CNStimProfile.obj
 0001:000172b0       ??_GCNStimProfile@@UAEPAXI@Z 004182b0 f i CNStimProfile.obj
 0001:00017310       ??0INStimProfile@@QAE@XZ   00418310 f i CNStimProfile.obj
 0001:00017350       ??1CNStimProfile@@UAE@XZ   00418350 f   CNStimProfile.obj
 0001:000173a0       ?AddRef@CNStimProfile@@UAGKXZ 004183a0 f   CNStimProfile.obj
 0001:000173f0       ?QueryInterface@CNStimProfile@@UAGJABU_GUID@@PAPAX@Z 004183f0 f   CNStimProfile.obj
 0001:000174c0       ?Release@CNStimProfile@@UAGKXZ 004184c0 f   CNStimProfile.obj
 0001:00017550       ?GetConversionFactor@CNStimProfile@@UAGNPBD@Z 00418550 f   CNStimProfile.obj
 0001:00017730       ?ConvertUnit@CNStimProfile@@UAGNNPBD0@Z 00418730 f   CNStimProfile.obj
 0001:000178a0       ?GetLogPath@CNStimProfile@@UAGJPAE@Z 004188a0 f i CNStimProfile.obj
 0001:000178f0       ?SetDefault@CNStimProfile@@UAGJXZ 004188f0 f i CNStimProfile.obj
 0001:00017a50       ?Load@CNStimProfile@@UAGJXZ 00418a50 f i CNStimProfile.obj
 0001:00017d40       ?Save@CNStimProfile@@UAGJXZ 00418d40 f i CNStimProfile.obj
 0001:00017fe0       ?IsFullscreen@CNStimProfile@@UAGJXZ 00418fe0 f i CNStimProfile.obj
 0001:00018020       ?GetTcpIpCmdPort@CNStimProfile@@UAGJPAK@Z 00419020 f i CNStimProfile.obj
 0001:00018060       ?GetTcpIpBindAddress@CNStimProfile@@UAGJPAPAE@Z 00419060 f i CNStimProfile.obj
 0001:00018090       ?MapXCoordinate@CNStimProfile@@UAGJPBEPAH@Z 00419090 f i CNStimProfile.obj
 0001:000180c0       ?MapYCoordinate@CNStimProfile@@UAGJPBEPAH@Z 004190c0 f i CNStimProfile.obj
 0001:000180f0       ?ShouldHideCursor@CNStimProfile@@UAGJXZ 004190f0 f i CNStimProfile.obj
 0001:00018130       ?GetGraphicsEngineThreadPriority@CNStimProfile@@UAGJPAH@Z 00419130 f i CNStimProfile.obj
 0001:00018170       ?GetLptSyncPortInfo@CNStimProfile@@UAGJPAH0000@Z 00419170 f i CNStimProfile.obj
 0001:000181e0       ?GetWindowedResolution@CNStimProfile@@UAGJPAH0@Z 004191e0 f i CNStimProfile.obj
 0001:00018230       ?GetFullscreenResolution@CNStimProfile@@UAGJPAH00@Z 00419230 f i CNStimProfile.obj
 0001:00018280       ??0CNStimSequence@@QAE@XZ  00419280 f   CNStimSequence.obj
 0001:00018330       ??_ECNStimSequence@@UAEPAXI@Z 00419330 f i CNStimSequence.obj
 0001:00018330       ??_GCNStimSequence@@UAEPAXI@Z 00419330 f i CNStimSequence.obj
 0001:00018390       ??1CNStimSequence@@UAE@XZ  00419390 f   CNStimSequence.obj
 0001:000184b0       ??_GNStimSequenceMarker@@QAEPAXI@Z 004194b0 f i CNStimSequence.obj
 0001:00018510       ??1NStimSequenceMarker@@QAE@XZ 00419510 f i CNStimSequence.obj
 0001:00018590       ?Reset@CNStimSequence@@QAEXXZ 00419590 f   CNStimSequence.obj
 0001:00018630       ?Compile@CNStimSequence@@QAEXPAUINStimEngine@@@Z 00419630 f   CNStimSequence.obj
 0001:00018cd0       ?AddSequenceMarker@CNStimSequence@@QAEXHHPAEH@Z 00419cd0 f   CNStimSequence.obj
 0001:00018e20       ??0NStimSequenceMarker@@QAE@XZ 00419e20 f i CNStimSequence.obj
 0001:00018ea0       ?AddSequenceMarker@CNStimSequence@@QAEXHHPAEPAV?$CList@UNStimSequenceItemParam@@U1@@@H@Z 00419ea0 f   CNStimSequence.obj
 0001:00019020       ?GetAtomList@CNStimSequence@@QAEXHPAPAV?$CList@PAUINStimAtom@@PAU1@@@PAUINStimEngine@@@Z 0041a020 f   CNStimSequence.obj
 0001:00019140       ?Clear@CNStimSequence@@QAEXXZ 0041a140 f   CNStimSequence.obj
 0001:000191c0       ?GetHeadPosition@?$CList@UNStimSequenceItemParam@@U1@@@QAEPAXXZ 0041a1c0 f i CNStimSequence.obj
 0001:000191f0       ?GetNext@?$CList@UNStimSequenceItemParam@@U1@@@QAEAAUNStimSequenceItemParam@@AAPAX@Z 0041a1f0 f i CNStimSequence.obj
 0001:00019240       ??0?$CList@UResetElement@@U1@@@QAE@H@Z 0041a240 f i CNStimSequence.obj
 0001:00019290       ??1?$CList@UResetElement@@U1@@@UAE@XZ 0041a290 f i CNStimSequence.obj
 0001:000192d0       ?AddTail@?$CList@UResetElement@@U1@@@QAEPAXUResetElement@@@Z 0041a2d0 f i CNStimSequence.obj
 0001:00019350       ?IsEmpty@?$CList@UResetElement@@U1@@@QBE_NXZ 0041a350 f i CNStimSequence.obj
 0001:000193a0       ?RemoveHead@?$CList@UResetElement@@U1@@@QAE?AUResetElement@@XZ 0041a3a0 f i CNStimSequence.obj
 0001:00019430       ??0?$CList@PAUNStimSequenceMarker@@PAU1@@@QAE@H@Z 0041a430 f i CNStimSequence.obj
 0001:00019480       ??1?$CList@PAUNStimSequenceMarker@@PAU1@@@UAE@XZ 0041a480 f i CNStimSequence.obj
 0001:000194c0       ?GetHeadPosition@?$CList@PAUNStimSequenceMarker@@PAU1@@@QAEPAXXZ 0041a4c0 f i CNStimSequence.obj
 0001:000194f0       ?GetTailPosition@?$CList@PAUNStimSequenceMarker@@PAU1@@@QAEPAXXZ 0041a4f0 f i CNStimSequence.obj
 0001:00019520       ?AddHead@?$CList@PAUNStimSequenceMarker@@PAU1@@@QAEPAXPAUNStimSequenceMarker@@@Z 0041a520 f i CNStimSequence.obj
 0001:000195a0       ?GetPrev@?$CList@PAUNStimSequenceMarker@@PAU1@@@QAEAAPAUNStimSequenceMarker@@AAPAX@Z 0041a5a0 f i CNStimSequence.obj
 0001:00019610       ?GetNext@?$CList@PAUNStimSequenceMarker@@PAU1@@@QAEAAPAUNStimSequenceMarker@@AAPAX@Z 0041a610 f i CNStimSequence.obj
 0001:00019660       ?AddTail@?$CList@PAUNStimSequenceMarker@@PAU1@@@QAEPAXPAUNStimSequenceMarker@@@Z 0041a660 f i CNStimSequence.obj
 0001:000196e0       ?InsertAfter@?$CList@PAUNStimSequenceMarker@@PAU1@@@QAEPAXPAXPAUNStimSequenceMarker@@@Z 0041a6e0 f i CNStimSequence.obj
 0001:000197a0       ?InsertBefore@?$CList@PAUNStimSequenceMarker@@PAU1@@@QAEPAXPAXPAUNStimSequenceMarker@@@Z 0041a7a0 f i CNStimSequence.obj
 0001:00019860       ?IsEmpty@?$CList@PAUNStimSequenceMarker@@PAU1@@@QBE_NXZ 0041a860 f i CNStimSequence.obj
 0001:000198b0       ?RemoveAt@?$CList@PAUNStimSequenceMarker@@PAU1@@@QAEXPAX@Z 0041a8b0 f i CNStimSequence.obj
 0001:00019950       ?RemoveHead@?$CList@PAUNStimSequenceMarker@@PAU1@@@QAEPAUNStimSequenceMarker@@XZ 0041a950 f i CNStimSequence.obj
 0001:000199c0       ??0?$CList@PAVCNStimCompiledSequenceMarker@@PAV1@@@QAE@H@Z 0041a9c0 f i CNStimSequence.obj
 0001:00019a10       ??1?$CList@PAVCNStimCompiledSequenceMarker@@PAV1@@@UAE@XZ 0041aa10 f i CNStimSequence.obj
 0001:00019a50       ?GetHeadPosition@?$CList@PAVCNStimCompiledSequenceMarker@@PAV1@@@QAEPAXXZ 0041aa50 f i CNStimSequence.obj
 0001:00019a80       ?GetNext@?$CList@PAVCNStimCompiledSequenceMarker@@PAV1@@@QAEAAPAVCNStimCompiledSequenceMarker@@AAPAX@Z 0041aa80 f i CNStimSequence.obj
 0001:00019ad0       ?AddTail@?$CList@PAVCNStimCompiledSequenceMarker@@PAV1@@@QAEPAXPAVCNStimCompiledSequenceMarker@@@Z 0041aad0 f i CNStimSequence.obj
 0001:00019b50       ?IsEmpty@?$CList@PAVCNStimCompiledSequenceMarker@@PAV1@@@QBE_NXZ 0041ab50 f i CNStimSequence.obj
 0001:00019ba0       ?RemoveHead@?$CList@PAVCNStimCompiledSequenceMarker@@PAV1@@@QAEPAVCNStimCompiledSequenceMarker@@XZ 0041aba0 f i CNStimSequence.obj
 0001:00019c10       ??_G?$CList@UResetElement@@U1@@@UAEPAXI@Z 0041ac10 f i CNStimSequence.obj
 0001:00019c10       ??_E?$CList@UResetElement@@U1@@@UAEPAXI@Z 0041ac10 f i CNStimSequence.obj
 0001:00019c70       ??_E?$CList@PAUNStimSequenceMarker@@PAU1@@@UAEPAXI@Z 0041ac70 f i CNStimSequence.obj
 0001:00019c70       ??_G?$CList@PAUNStimSequenceMarker@@PAU1@@@UAEPAXI@Z 0041ac70 f i CNStimSequence.obj
 0001:00019cd0       ??_G?$CListNode@PAUNStimSequenceMarker@@PAU1@@@QAEPAXI@Z 0041acd0 f i CNStimSequence.obj
 0001:00019d30       ??_G?$CList@PAVCNStimCompiledSequenceMarker@@PAV1@@@UAEPAXI@Z 0041ad30 f i CNStimSequence.obj
 0001:00019d30       ??_E?$CList@PAVCNStimCompiledSequenceMarker@@PAV1@@@UAEPAXI@Z 0041ad30 f i CNStimSequence.obj
 0001:00019d90       ?RemoveAt@?$CList@UResetElement@@U1@@@QAEXPAX@Z 0041ad90 f i CNStimSequence.obj
 0001:00019e30       ?RemoveAll@?$CList@UResetElement@@U1@@@QAEXXZ 0041ae30 f i CNStimSequence.obj
 0001:00019e80       ?AllocNode@?$CList@UResetElement@@U1@@@QAEPAV?$CListNode@UResetElement@@U1@@@UResetElement@@@Z 0041ae80 f i CNStimSequence.obj
 0001:00019f20       ?RemoveAll@?$CList@PAUNStimSequenceMarker@@PAU1@@@QAEXXZ 0041af20 f i CNStimSequence.obj
 0001:00019f70       ?AllocNode@?$CList@PAUNStimSequenceMarker@@PAU1@@@QAEPAV?$CListNode@PAUNStimSequenceMarker@@PAU1@@@PAUNStimSequenceMarker@@@Z 0041af70 f i CNStimSequence.obj
 0001:0001a010       ?RemoveAt@?$CList@PAVCNStimCompiledSequenceMarker@@PAV1@@@QAEXPAX@Z 0041b010 f i CNStimSequence.obj
 0001:0001a0b0       ?RemoveAll@?$CList@PAVCNStimCompiledSequenceMarker@@PAV1@@@QAEXXZ 0041b0b0 f i CNStimSequence.obj
 0001:0001a100       ?AllocNode@?$CList@PAVCNStimCompiledSequenceMarker@@PAV1@@@QAEPAV?$CListNode@PAVCNStimCompiledSequenceMarker@@PAV1@@@PAVCNStimCompiledSequenceMarker@@@Z 0041b100 f i CNStimSequence.obj
 0001:0001a1a0       ?LinkAfter@?$CListNode@UResetElement@@U1@@@QAEXPAV1@@Z 0041b1a0 f i CNStimSequence.obj
 0001:0001a200       ?GetNext@?$CListNode@UResetElement@@U1@@@QBEPAV1@XZ 0041b200 f i CNStimSequence.obj
 0001:0001a230       ?GetData@?$CListNode@UResetElement@@U1@@@QAEAAUResetElement@@XZ 0041b230 f i CNStimSequence.obj
 0001:0001a260       ??0?$CListNode@PAUNStimSequenceMarker@@PAU1@@@QAE@PAUNStimSequenceMarker@@@Z 0041b260 f i CNStimSequence.obj
 0001:0001a2b0       ??1?$CListNode@PAUNStimSequenceMarker@@PAU1@@@QAE@XZ 0041b2b0 f i CNStimSequence.obj
 0001:0001a2f0       ?LinkBefore@?$CListNode@PAUNStimSequenceMarker@@PAU1@@@QAEXPAV1@@Z 0041b2f0 f i CNStimSequence.obj
 0001:0001a370       ?LinkAfter@?$CListNode@PAUNStimSequenceMarker@@PAU1@@@QAEXPAV1@@Z 0041b370 f i CNStimSequence.obj
 0001:0001a3d0       ?GetNext@?$CListNode@PAUNStimSequenceMarker@@PAU1@@@QBEPAV1@XZ 0041b3d0 f i CNStimSequence.obj
 0001:0001a400       ?GetPrev@?$CListNode@PAUNStimSequenceMarker@@PAU1@@@QAEPAV1@XZ 0041b400 f i CNStimSequence.obj
 0001:0001a430       ?GetData@?$CListNode@PAUNStimSequenceMarker@@PAU1@@@QAEAAPAUNStimSequenceMarker@@XZ 0041b430 f i CNStimSequence.obj
 0001:0001a460       ?LinkAfter@?$CListNode@PAVCNStimCompiledSequenceMarker@@PAV1@@@QAEXPAV1@@Z 0041b460 f i CNStimSequence.obj
 0001:0001a4c0       ?GetNext@?$CListNode@PAVCNStimCompiledSequenceMarker@@PAV1@@@QBEPAV1@XZ 0041b4c0 f i CNStimSequence.obj
 0001:0001a4f0       ?GetData@?$CListNode@PAVCNStimCompiledSequenceMarker@@PAV1@@@QAEAAPAVCNStimCompiledSequenceMarker@@XZ 0041b4f0 f i CNStimSequence.obj
 0001:0001a520       ??_G?$CListNode@UResetElement@@U1@@@QAEPAXI@Z 0041b520 f i CNStimSequence.obj
 0001:0001a580       ??_G?$CListNode@PAVCNStimCompiledSequenceMarker@@PAV1@@@QAEPAXI@Z 0041b580 f i CNStimSequence.obj
 0001:0001a5e0       ??0?$CListNode@UResetElement@@U1@@@QAE@UResetElement@@@Z 0041b5e0 f i CNStimSequence.obj
 0001:0001a630       ??1?$CListNode@UResetElement@@U1@@@QAE@XZ 0041b630 f i CNStimSequence.obj
 0001:0001a670       ?GetPrev@?$CListNode@UResetElement@@U1@@@QAEPAV1@XZ 0041b670 f i CNStimSequence.obj
 0001:0001a6a0       ?Unlink@?$CListNode@PAUNStimSequenceMarker@@PAU1@@@QAEXXZ 0041b6a0 f i CNStimSequence.obj
 0001:0001a700       ??0?$CListNode@PAVCNStimCompiledSequenceMarker@@PAV1@@@QAE@PAVCNStimCompiledSequenceMarker@@@Z 0041b700 f i CNStimSequence.obj
 0001:0001a750       ??1?$CListNode@PAVCNStimCompiledSequenceMarker@@PAV1@@@QAE@XZ 0041b750 f i CNStimSequence.obj
 0001:0001a790       ?GetPrev@?$CListNode@PAVCNStimCompiledSequenceMarker@@PAV1@@@QAEPAV1@XZ 0041b790 f i CNStimSequence.obj
 0001:0001a7c0       ?Unlink@?$CListNode@UResetElement@@U1@@@QAEXXZ 0041b7c0 f i CNStimSequence.obj
 0001:0001a820       ?Unlink@?$CListNode@PAVCNStimCompiledSequenceMarker@@PAV1@@@QAEXXZ 0041b820 f i CNStimSequence.obj
 0001:0001a880       ??0CNStimCompiledSequenceMarker@@QAE@XZ 0041b880 f i CNStimSequence.obj
 0001:0001a910       ?GetFrameMarker@CNStimCompiledSequenceMarker@@QAEHXZ 0041b910 f i CNStimSequence.obj
 0001:0001a940       ?SetFrameMarker@CNStimCompiledSequenceMarker@@QAEXH@Z 0041b940 f i CNStimSequence.obj
 0001:0001a970       ?AddAtomA@CNStimCompiledSequenceMarker@@QAEXPAUINStimAtom@@@Z 0041b970 f i CNStimSequence.obj
 0001:0001a9d0       ?AddResetAtom@CNStimCompiledSequenceMarker@@QAEXUResetElement@@@Z 0041b9d0 f i CNStimSequence.obj
 0001:0001aa20       ?GetAtomList@CNStimCompiledSequenceMarker@@QAEPAV?$CList@PAUINStimAtom@@PAU1@@@XZ 0041ba20 f i CNStimSequence.obj
 0001:0001aa50       ?ApplyReset@CNStimCompiledSequenceMarker@@QAEXPAUINStimEngine@@@Z 0041ba50 f i CNStimSequence.obj
 0001:0001ab60       ?GetHeadPosition@?$CList@UResetElement@@U1@@@QAEPAXXZ 0041bb60 f i CNStimSequence.obj
 0001:0001ab90       ?GetNext@?$CList@UResetElement@@U1@@@QAEAAUResetElement@@AAPAX@Z 0041bb90 f i CNStimSequence.obj
 0001:0001abe0       ??_GCNStimCompiledSequenceMarker@@UAEPAXI@Z 0041bbe0 f i CNStimSequence.obj
 0001:0001abe0       ??_ECNStimCompiledSequenceMarker@@UAEPAXI@Z 0041bbe0 f i CNStimSequence.obj
 0001:0001ac40       ??1CNStimCompiledSequenceMarker@@UAE@XZ 0041bc40 f i CNStimSequence.obj
 0001:0001ad00       ??0CNStimSMGratingPatch@@QAE@XZ 0041bd00 f   CNStimSMGratingPatch.obj
 0001:0001b570       ??_ECNStimSMGratingPatch@@UAEPAXI@Z 0041c570 f i CNStimSMGratingPatch.obj
 0001:0001b570       ??_GCNStimSMGratingPatch@@UAEPAXI@Z 0041c570 f i CNStimSMGratingPatch.obj
 0001:0001b5d0       ??1CNStimSMGratingPatch@@UAE@XZ 0041c5d0 f   CNStimSMGratingPatch.obj
 0001:0001b6f0       ?AdvanceFrame@CNStimSMGratingPatch@@UAGJH@Z 0041c6f0 f   CNStimSMGratingPatch.obj
 0001:0001b7f0       ?Draw@CNStimSMGratingPatch@@UAGJPAUINStimEngine@@@Z 0041c7f0 f   CNStimSMGratingPatch.obj
 0001:0001c470       ?Init@CNStimSMGratingPatch@@UAGJPAUINStimEngine@@@Z 0041d470 f   CNStimSMGratingPatch.obj
 0001:0001d2b0       ?Reset@CNStimSMGratingPatch@@UAGJPAUINStimEngine@@@Z 0041e2b0 f   CNStimSMGratingPatch.obj
 0001:0001d360       ?SetParam@CNStimSMGratingPatch@@UAGJPAE0@Z 0041e360 f   CNStimSMGratingPatch.obj
 0001:0001dfb0       ?GetType@CNStimSMGratingPatch@@UAGJPAPAE@Z 0041efb0 f i CNStimSMGratingPatch.obj
 0001:0001dff0       ??0CNStimStringPatchParam@@QAE@XZ 0041eff0 f   CNStimStringPatchParam.obj
 0001:0001e050       ??_GCNStimStringPatchParam@@UAEPAXI@Z 0041f050 f i CNStimStringPatchParam.obj
 0001:0001e050       ??_ECNStimStringPatchParam@@UAEPAXI@Z 0041f050 f i CNStimStringPatchParam.obj
 0001:0001e0b0       ??1CNStimStringPatchParam@@UAE@XZ 0041f0b0 f   CNStimStringPatchParam.obj
 0001:0001e0f0       ?GetParamType@CNStimStringPatchParam@@UAGJPAPAE@Z 0041f0f0 f i CNStimStringPatchParam.obj
 0001:0001e120       ?SetParamString@CNStimStringPatchParam@@UAGJPAE@Z 0041f120 f i CNStimStringPatchParam.obj
 0001:0001e160       ??0CNStimTestGratingPatch@@QAE@XZ 0041f160 f   CNStimTestGratingPatch.obj
 0001:0001e810       ??_GCNStimTestGratingPatch@@UAEPAXI@Z 0041f810 f i CNStimTestGratingPatch.obj
 0001:0001e810       ??_ECNStimTestGratingPatch@@UAEPAXI@Z 0041f810 f i CNStimTestGratingPatch.obj
 0001:0001e870       ??1CNStimTestGratingPatch@@UAE@XZ 0041f870 f   CNStimTestGratingPatch.obj
 0001:0001e920       ?AdvanceFrame@CNStimTestGratingPatch@@UAGJH@Z 0041f920 f   CNStimTestGratingPatch.obj
 0001:0001ea20       ?Draw@CNStimTestGratingPatch@@UAGJPAUINStimEngine@@@Z 0041fa20 f   CNStimTestGratingPatch.obj
 0001:0001f830       ?Init@CNStimTestGratingPatch@@UAGJPAUINStimEngine@@@Z 00420830 f   CNStimTestGratingPatch.obj
 0001:00021720       ?Reset@CNStimTestGratingPatch@@UAGJPAUINStimEngine@@@Z 00422720 f   CNStimTestGratingPatch.obj
 0001:000217d0       ?GetType@CNStimTestGratingPatch@@UAGJPAPAE@Z 004227d0 f i CNStimTestGratingPatch.obj
 0001:00021810       ??0CNStimViewportAtom@@QAE@XZ 00422810 f   CNStimViewportAtom.obj
 0001:00021b80       ??_GCNStimViewportAtom@@UAEPAXI@Z 00422b80 f i CNStimViewportAtom.obj
 0001:00021b80       ??_ECNStimViewportAtom@@UAEPAXI@Z 00422b80 f i CNStimViewportAtom.obj
 0001:00021be0       ??1CNStimViewportAtom@@UAE@XZ 00422be0 f   CNStimViewportAtom.obj
 0001:00021c20       ?Exec@CNStimViewportAtom@@UAGJPAUINStimEngine@@@Z 00422c20 f i CNStimViewportAtom.obj
 0001:00021ce0       ?Reset@CNStimViewportAtom@@UAGJPAUINStimEngine@@@Z 00422ce0 f i CNStimViewportAtom.obj
 0001:00021d10       ?Init@CNStimViewportAtom@@UAGJPAUINStimEngine@@@Z 00422d10 f i CNStimViewportAtom.obj
 0001:00021d40       ?GetType@CNStimViewportAtom@@UAGJPAPAE@Z 00422d40 f i CNStimViewportAtom.obj
 0001:00021d72       _GetCurrentDirectoryA@8    00422d72 f   kernel32:KERNEL32.dll
 0001:00021d78       _WritePrivateProfileStringA@16 00422d78 f   kernel32:KERNEL32.dll
 0001:00021d7e       _GetPrivateProfileStringA@24 00422d7e f   kernel32:KERNEL32.dll
 0001:00021d84       _InterlockedIncrement@4    00422d84 f   kernel32:KERNEL32.dll
 0001:00021d8a       _InterlockedDecrement@4    00422d8a f   kernel32:KERNEL32.dll
 0001:00021d90       _OutputDebugStringA@4      00422d90 f   kernel32:KERNEL32.dll
 0001:00021d96       _CreateEventA@16           00422d96 f   kernel32:KERNEL32.dll
 0001:00021d9c       _CloseHandle@4             00422d9c f   kernel32:KERNEL32.dll
 0001:00021da2       _WaitForSingleObject@8     00422da2 f   kernel32:KERNEL32.dll
 0001:00021da8       _SetEvent@4                00422da8 f   kernel32:KERNEL32.dll
 0001:00021dae       _DebugBreak@0              00422dae f   kernel32:KERNEL32.dll
 0001:00021db4       _QueryPerformanceCounter@4 00422db4 f   kernel32:KERNEL32.dll
 0001:00021dba       _CreateDirectoryA@8        00422dba f   kernel32:KERNEL32.dll
 0001:00021dc0       _QueryPerformanceFrequency@4 00422dc0 f   kernel32:KERNEL32.dll
 0001:00021dc6       _SetThreadPriority@8       00422dc6 f   kernel32:KERNEL32.dll
 0001:00021dcc       _GetCurrentThread@0        00422dcc f   kernel32:KERNEL32.dll
 0001:00021dd2       _MessageBoxA@16            00422dd2 f   user32:USER32.dll
 0001:00021dd8       _DispatchMessageA@4        00422dd8 f   user32:USER32.dll
 0001:00021dde       _TranslateMessage@4        00422dde f   user32:USER32.dll
 0001:00021de4       _PeekMessageA@20           00422de4 f   user32:USER32.dll
 0001:00021dea       _ShowCursor@4              00422dea f   user32:USER32.dll
 0001:00021df0       _MessageBeep@4             00422df0 f   user32:USER32.dll
 0001:00021e00       ??0CDirect3DWnd@@QAE@XZ    00422e00 f   d3d:CDirect3DWnd.obj
 0001:00021e80       ??_ECDirect3DWnd@@UAEPAXI@Z 00422e80 f i d3d:CDirect3DWnd.obj
 0001:00021e80       ??_GCDirect3DWnd@@UAEPAXI@Z 00422e80 f i d3d:CDirect3DWnd.obj
 0001:00021ee0       ??1CDirect3DWnd@@UAE@XZ    00422ee0 f   d3d:CDirect3DWnd.obj
 0001:00021f60       ?RegisterClassA@CDirect3DWnd@@SAXXZ 00422f60 f   d3d:CDirect3DWnd.obj
 0001:00021ff0       ?Create@CDirect3DWnd@@QAE_NABVCDirect3D@@PBDKHHHHPAVCDialog@@PAUHMENU__@@@Z 00422ff0 f   d3d:CDirect3DWnd.obj
 0001:00022380       ??4CDirect3DDevice@@QAEAAV0@PAUIDirect3DDevice9@@@Z 00423380 f i d3d:CDirect3DWnd.obj
 0001:000223d0       ??CCDirect3D@@QBE?AV?$CSmartPtr@UIDirect3D9@@@@XZ 004233d0 f i d3d:CDirect3DWnd.obj
 0001:00022430       ?CreateFullscreen@CDirect3DWnd@@QAE_NABVCDirect3D@@PBDKHHHHW4_D3DFORMAT@@HPAVCDialog@@PAUHMENU__@@@Z 00423430 f   d3d:CDirect3DWnd.obj
 0001:000227a0       ?WindowProc@CDirect3DWnd@@UAEJPAUHWND__@@IIJ@Z 004237a0 f   d3d:CDirect3DWnd.obj
 0001:00022810       ??0?$CSmartPtr@UIDirect3D9@@@@QAE@ABV0@@Z 00423810 f i d3d:CDirect3DWnd.obj
 0001:00022870       ??1?$CSmartPtr@UIDirect3D9@@@@UAE@XZ 00423870 f i d3d:CDirect3DWnd.obj
 0001:00022900       ??4?$CSmartPtr@UIDirect3D9@@@@QAEAAV0@ABV0@@Z 00423900 f i d3d:CDirect3DWnd.obj
 0001:00022950       ??C?$CSmartPtr@UIDirect3D9@@@@QBEPAUIDirect3D9@@XZ 00423950 f i d3d:CDirect3DWnd.obj
 0001:00022980       ??_G?$CSmartPtr@UIDirect3D9@@@@UAEPAXI@Z 00423980 f i d3d:CDirect3DWnd.obj
 0001:00022980       ??_E?$CSmartPtr@UIDirect3D9@@@@UAEPAXI@Z 00423980 f i d3d:CDirect3DWnd.obj
 0001:000229e0       ??4?$CSmartPtr@UIDirect3D9@@@@QAEPAUIUnknown@@PAU1@@Z 004239e0 f i d3d:CDirect3DWnd.obj
 0001:00022aa0       ?GetPtr@?$CSmartPtr@UIDirect3D9@@@@QBEPAUIDirect3D9@@XZ 00423aa0 f i d3d:CDirect3DWnd.obj
 0001:00022ad0       ??0CDirect3DVertexBuffer@@QAE@XZ 00423ad0 f   d3d:CDirect3DVertexBuffer.obj
 0001:00022b20       ??_ECDirect3DVertexBuffer@@UAEPAXI@Z 00423b20 f i d3d:CDirect3DVertexBuffer.obj
 0001:00022b20       ??_GCDirect3DVertexBuffer@@UAEPAXI@Z 00423b20 f i d3d:CDirect3DVertexBuffer.obj
 0001:00022b80       ??1CDirect3DVertexBuffer@@UAE@XZ 00423b80 f   d3d:CDirect3DVertexBuffer.obj
 0001:00022bd0       ??0?$CSmartPtr@UIDirect3DVertexBuffer9@@@@QAE@PAUIDirect3DVertexBuffer9@@@Z 00423bd0 f i d3d:CDirect3DVertexBuffer.obj
 0001:00022c30       ??4?$CSmartPtr@UIDirect3DVertexBuffer9@@@@QAEPAUIDirect3DVertexBuffer9@@PAU1@@Z 00423c30 f i d3d:CDirect3DVertexBuffer.obj
 0001:00022cf0       ??0CDirect3DTexture@@QAE@XZ 00423cf0 f   d3d:CDirect3DTexture.obj
 0001:00022d80       ??_ECDirect3DTexture@@UAEPAXI@Z 00423d80 f i d3d:CDirect3DTexture.obj
 0001:00022d80       ??_GCDirect3DTexture@@UAEPAXI@Z 00423d80 f i d3d:CDirect3DTexture.obj
 0001:00022de0       ??1CDirect3DTexture@@UAE@XZ 00423de0 f   d3d:CDirect3DTexture.obj
 0001:00022e70       ??0?$CSmartPtr@UIDirect3DTexture9@@@@QAE@PAUIDirect3DTexture9@@@Z 00423e70 f i d3d:CDirect3DTexture.obj
 0001:00022ed0       ??4?$CSmartPtr@UIDirect3DTexture9@@@@QAEPAUIDirect3DTexture9@@PAU1@@Z 00423ed0 f i d3d:CDirect3DTexture.obj
 0001:00022f90       ??0CDirect3DDevice@@QAE@XZ 00423f90 f   d3d:CDirect3DDevice.obj
 0001:00022fe0       ??1CDirect3DDevice@@UAE@XZ 00423fe0 f   d3d:CDirect3DDevice.obj
 0001:00023030       ?CreateSurface@CDirect3DDevice@@QAE?AVCDirect3DSurface@@HHW4_D3DFORMAT@@W4_D3DPOOL@@@Z 00424030 f   d3d:CDirect3DDevice.obj
 0001:00023120       ??0CDirect3DSurface@@QAE@PAUIDirect3DSurface9@@@Z 00424120 f i d3d:CDirect3DDevice.obj
 0001:000231b0       ??0CDirect3DSurface@@QAE@ABV0@@Z 004241b0 f i d3d:CDirect3DDevice.obj
 0001:00023240       ??_GCDirect3DSurface@@UAEPAXI@Z 00424240 f i d3d:CDirect3DDevice.obj
 0001:00023240       ??_ECDirect3DSurface@@UAEPAXI@Z 00424240 f i d3d:CDirect3DDevice.obj
 0001:000232a0       ?CreateTexture@CDirect3DDevice@@QAE?AVCDirect3DTexture@@HHHKW4_D3DFORMAT@@W4_D3DPOOL@@@Z 004242a0 f   d3d:CDirect3DDevice.obj
 0001:00023540       ??0CDirect3DTexture@@QAE@PAUIDirect3DTexture9@@@Z 00424540 f i d3d:CDirect3DDevice.obj
 0001:000235d0       ??0CDirect3DTexture@@QAE@ABV0@@Z 004245d0 f i d3d:CDirect3DDevice.obj
 0001:00023660       ?CreateVertexBuffer@CDirect3DDevice@@QAE?AVCDirect3DVertexBuffer@@IKKW4_D3DPOOL@@@Z 00424660 f   d3d:CDirect3DDevice.obj
 0001:00023760       ??0CDirect3DVertexBuffer@@QAE@PAUIDirect3DVertexBuffer9@@@Z 00424760 f i d3d:CDirect3DDevice.obj
 0001:000237f0       ??0CDirect3DVertexBuffer@@QAE@ABV0@@Z 004247f0 f i d3d:CDirect3DDevice.obj
 0001:00023880       ??0?$CSmartPtr@UIDirect3DSurface9@@@@QAE@PAUIDirect3DSurface9@@@Z 00424880 f i d3d:CDirect3DDevice.obj
 0001:000238e0       ??4?$CSmartPtr@UIDirect3DSurface9@@@@QAEPAUIDirect3DSurface9@@PAU1@@Z 004248e0 f i d3d:CDirect3DDevice.obj
 0001:000239a0       ??0CDirect3D@@QAE@XZ       004249a0 f   d3d:CDirect3D.obj
 0001:00023a00       ??_GCDirect3D@@UAEPAXI@Z   00424a00 f i d3d:CDirect3D.obj
 0001:00023a00       ??_ECDirect3D@@UAEPAXI@Z   00424a00 f i d3d:CDirect3D.obj
 0001:00023a60       ??1CDirect3D@@UAE@XZ       00424a60 f   d3d:CDirect3D.obj
 0001:00023ab0       ?Init@CDirect3D@@QAE_NXZ   00424ab0 f   d3d:CDirect3D.obj
 0001:00023b90       ??0?$CSmartPtr@UIDirect3D9@@@@QAE@PAUIDirect3D9@@@Z 00424b90 f i d3d:CDirect3D.obj
 0001:00023bf0       ??4?$CSmartPtr@UIDirect3D9@@@@QAEPAUIDirect3D9@@PAU1@@Z 00424bf0 f i d3d:CDirect3D.obj
 0001:00023cb0       ?IsNull@?$CSmartPtr@UIDirect3D9@@@@QBE?B_NXZ 00424cb0 f i d3d:CDirect3D.obj
 0001:00023ce0       ??0CDirect3DSurface@@QAE@XZ 00424ce0 f   d3d:CDirect3DSurface.obj
 0001:00023d30       ??1CDirect3DSurface@@UAE@XZ 00424d30 f   d3d:CDirect3DSurface.obj
 0001:00023e80       ??0CGlobalDebug@@QAE@PBD@Z 00424e80 f   debug:CGlobalDebug.obj
[...]
FIXUPS: 2a24d 1f ffffff66 e3e e 1e 20 16 15 16 14 16 14 19 19 a 1c fffffb01
FIXUPS: 2a8d8 60 33 63 4f 131 19 4d 4a fffffc2c fffffee3 2d 12 6c 2d 18
FIXUPS: 2a698 ecb 1b 2a 10 ffffff40 fffffea4 7f 47 fffffce4 fffffcbb 1e
FIXUPS: 2ae2c 19 16 14 2c 1b 17 27 16 16 14 c 1d 16 15 16 14 11 14 16 14
FIXUPS: 2beb8 fffffd87 5a 4f 79 fffffd4f 2e 2a 2e 14 22 22 fffffdd1 7a
FIXUPS: 2ba43 fffffde9 27 f f 27 fffffe5d a7 fffffe2b 12 2a 10 1b 2a 10
FIXUPS: 2b517 12 2a 127a 9 fffffd2c 2e 28 1e 2c 12 21 20 25 fffffe1d 12
FIXUPS: 2c461 16 10 1c 31 10 fffffe1e 2e 28 1e 2c 12 21 20 25 fffffa2c
FIXUPS: 2be70 1e 17 159a 19 a fffff783 a7 fffffde4 2a 1e 17 13 fffffd6a
FIXUPS: 2c85a 28 76 6e 7d 41 fffffdfd fffffe8e e f 10 a 5 5 16 39 c 17
FIXUPS: 2c772 2b 9 2a28 39 16 7c 2a 28 ffffdafe 10b 2a 18 38 16 2b 14 2e
FIXUPS: 2d009 18 7a 63 34 47 1e d 2f 15 11 1d 21 14 26 19d 18 1295 a0 2b
FIXUPS: 2e7b8 2b 39 20 49 33 142 17 1c 4c 58 b1 fd 76 11e a1 20 31 28 4f
FIXUPS: 2efb6 31 18 45 18 1f 8c 69 2a ffffedc6 1d 1f 62 34 3b 2b 3b 45
FIXUPS: 2e143 c 41 6b 56 36 c 2b 1c 2c 1c 18 1f 62 51 60 5a ac 55 51 2b
FIXUPS: 2e66b 28 fffff06b 128 1e 1b 33 2f 51 29 3c 21 1b 1c 6b 28 32 4f
FIXUPS: 2dafb 1f 5b 66 25 25 b3 19 59 5f 54 85 29 1f 2a 1c 1eea 11d 25
FIXUPS: 3005e 1e 30 75 32 22 26 170 55 53 ffffef7d 108 10 3e 54 4b 28 ffffdf47
FIXUPS: 2d4ba 28 23 20 29 2f 1c 69 28 5f 54 3469 29 43 5a 3d 33 3c 38 1c
FIXUPS: 30d26 18 17 fffff895 ffffff54 ffffff8b fffff1bd 34 24 cb 67 133
FIXUPS: 2f95b 21 34 30 a8 e2 142 ba 31 1e 2a 1d40 15 14 7 17 6b 20 fffff25c
FIXUPS: 30e5f 1d 20 1e 20 8d 12 13 19 fffffddd 36 fffff856 28 19f 20 57
FIXUPS: 30860 32 64 140 2a 34 35 6b ada 38 4c 31 16 f 17 37 19 92 18 20
FIXUPS: 3187b a f3 12 24 f 1f 12 1e 26 f 1c 12 21 d a 13 16 13 28 a26 b5
FIXUPS: 31f14 182 35 fffffd2b a a ffffff11 38 78 fffffeb4 22 fffff37a 32
FIXUPS: 310df 3f 6a 15 31 51 ba 3c 27 37 a 3f 25 b2 65 ce 36 1d3f c 10
FIXUPS: 33380 2a fffffc5b 98 f6 fffffdb9 fffffefe 5e 7 fffffc80 d 11 2f
FIXUPS: 32ba1 fffffe20 35 18 a6 10 fffffd83 50 c 5a fffffa21 18 11b 21
FIXUPS: 324bd 5d 2677 33 1b6 f4 27 36 44 c 10 16 c fffff2a3 21 7e c8 33
FIXUPS: 343d3 fffffbe1 1ae fffffd3d fffffc37 2a 2a 227 fffffa69 2a3 fffffa23
FIXUPS: 33502 2a fffffeb1 3a ffffff09 242e 1f 29 26 17 12 1c fffffe2d 41
FIXUPS: 3541b fffffcdf 1c3 17 fffff167 1d 53 1d 2b 2c c 3a e 11 2f 44 c
FIXUPS: 34641 e 11 182 1d8 1ac 1c94 4b fffffecc fffffcd3 1c 77 3a 59 15
FIXUPS: 36536 1d 14 13 14 1a 19 fffffd3c fffffc7b 13 dd 23f fffffb8d 4a
FIXUPS: 35f12 2b fffff903 56 1e 13 22 fffffe07 36 339b 59 ffffe988 191
FIXUPS: 3764c de0 ffffe940 58 ffffff5d 19 fffffe17 17 24 2c 18 3f 10 70
FIXUPS: 36c9f 55 fffffdd1 2f fffffeda 2b 29 32 fffffe32 2a 44 4b fffffe4d
FIXUPS: 367b6 2e5f 26f 19 1c 13 2a 3a 10 13 16 26 1e 41 93 20 68 82 10
FIXUPS: 39bcb 10 30 10 fffff3a6 21 21 24 2a 23 fffffe93 1d fffffc5a 37
FIXUPS: 3b9cd 15 fffff822 2bf 2d 2f fffffb42 72 13 24 17 fffffe5d 2b fffffe71
FIXUPS: 3ae2e fffff70c 14d eb 1c8 8c 152 6d 238 13 fffff496 fffffad9 29
FIXUPS: 39d08 17 fffff815 41 8c 26b2 111 43 107 4a 12 5 25e 35 35 1e8 fffff67d
FIXUPS: 3babc 20 23 20 20 20 1d 20 20 2d fffff99b 2a0 5a 34 37 60 21 20
FIXUPS: 3b9a7 11 1999 1d c 47 fffffaf7 70 4f 1df fffff71c 43 33 24 bd 2d
FIXUPS: 3ca91 32 43 c 10 c fffff969 21 35 35 13a c 10 c 27 6c fffff574
FIXUPS: 3bcae fffedff9 79 10 43 10 46 d 6c 16 1d d 47 d 33 5d d 36 2a d
FIXUPS: 2a040 1f 3a 14 137e0 a fffff8e2 73 1c 1f 49 11 71 fffeab63 d 34
FIXUPS: 27eac 11 d 40 11 d 2d d 33 d 1aaf 13 13 66 f 12 18 19 10 4a 22
FIXUPS: 29bc5 15 12 13 3f 10 33 13 ffffddca 2d 11 2d 12 7 10 6a d 3f d
FIXUPS: 27be8 d 4a 7 2d 13 7 2d 17 7 10 6f e d 35 e d 35 e d 35 8c6 d 49
FIXUPS: 28770 40 e 13 ffffeed8 12 3c 17ad0 b fffe855f 13 13 ac 12 17 179bb
FIXUPS: 3f1f2 fffe86b0 17 13 f 71 d 3f d 33 d 24 26 8e0 7 34 1d 6a 10 12
FIXUPS: 28427 e d 35 e d 35 e 12 50 e 12 45 e 12 35 10 12 34 e 12 3a 10
FIXUPS: 286be 41 27c 1e c 1f 13 41 10 fffff5e9 13 13 81 d 35 7 d 2c 13
FIXUPS: 28154 32 1d 37 7 d 2c 13 7 32 1d 37 7 d 2e c15 22 19 35 13 13 3a
FIXUPS: 28ff4 13 3a 15 f 40 1f 33 1610e c fffe9f20 d 188 e 1a 1e fffff50c
FIXUPS: 28828 39 13 13 51 10 4c 10 1043 45 e 12 fffff0da 19 32 13 13 46
FIXUPS: 28b8a 3a 1e 16 16 46 d 33 1e 16 11 91 d 5c d 15 30 2f 19 34 d 4a
FIXUPS: 2961f 12 2d 7 21 1a 16 18 27 d 2c 7 18 27 d 36 e d 35 e d 35 e
FIXUPS: 29872 35 e d 35 e 12 50 e ffffccd4 25 1a 2c 19 6e 1f 1f 2d 34 d
FIXUPS: 2682a 2c 23 16f00 21 14 1d 14 1f f fffebc34 13 13 97 7 21 1a 16
FIXUPS: 2956e 27 1d ffffcb13 22 15 17 17 19 19062 c fffe6fd0 3c 21 d 41
FIXUPS: 26276 2d 52 f 38 b7 f 19 f b5 11 27 24 2a 69 1a f 1b 2e fca 2c
FIXUPS: 27659 ffffe64e 27 1c 2c 36 d 2c 30 19 33 13 13 3a 10 30 10 49 3e
FIXUPS: 25f47 1b 14 9 d 3c 12 56 17 1b 3d fa9 f 1b 2e 9 25 38 19 71 12
FIXUPS: 271aa 16 7c 4a 2d 52 f 38 b7 f 19 f 46 1a 1f 42 1f 1f 30 16 3b
FIXUPS: 275c7 fffff61a 10 49 3e f e d c 16 14 9 d 3a 12 4a 62 19 2a 1c
FIXUPS: 26e54 15 31 1e 18 1f 12 3e 11 27 24 2a 69 ffffe966 33 197be c fffe6870
FIXUPS: 25a0e 188 e 14 10 ced b 2c d 48 3c 21 d 3c 27 1c 2c 36 14 2c 29
FIXUPS: 26b0e 33 13 13 3a 10 ffffe933 10 31 1c c 10 38 3b e 10 8c d 5c
FIXUPS: 256f0 15 30 2f 19 4b 19 22 19 35 13 13 3a 13 13 3a 11 f 44 fffff7e9
FIXUPS: 25176 12 1a 17 19fb1 b fffe6088 28 18 29 b 18 1a 19 10 3b 22 17
FIXUPS: 25366 1f 29 14 1a 1c 38 20 13 10 2d 20 18 ffffe5a5 8 d 1307 5 d
FIXUPS: 24de0 d 31 10 30 d 53 22 21 1a249 b fffe5ddc 13 13 4b 2b f 10 10
FIXUPS: 2503f 2e f 13 3d 10 60 ffffe3a9 1f 1f 2c e8 78 14 24 1f 1f 25 1b
FIXUPS: 2376d 1d 1b82d c b fffe480a 18 d 4b 10 64 1f 13 3a 10 69 13 13
FIXUPS: 23a23 30 1b51c fffe402d 7 32 d 6f 20 c 46 1c 24 1f 1f f9 54 14
FIXUPS: 232c6 1f 1f 27 1b 8 1d 1bc1c c b fffe440a 10 47 19 79 30 9a2 45
FIXUPS: 23eb8 5b 30 2e 13 fffffb72 19 32 13 13 46 d 4e 10 5b 30 2e 13 fffff152
FIXUPS: 22e48 2a 1c0d2 b fffe3f52 13 13 62 f 17 1c015 fffe57cc 1a 1a97a
FIXUPS: 3f0cd 17 b fffe56ac 1f 21 1a92c b fffe5719 1c 21 1a8bf b fffe5786
FIXUPS: 248c8 5b 30 2e 13 fffff388 30 19 13 29 13 13 68 19 b 5cf 16 16
FIXUPS: 24464 16 18 19 12 2b f 1d 1d 1ab26 1a b fffe54ff 1f 21 1aacc b
FIXUPS: 2460b 1c 21 1aa5f b fffe55eb 31 16 f 10 c c fffff8b4 3e d 75 19
FIXUPS: 240b4 22 c 15 1a 1aed3 17 b fffe5155 1f 21 1ae7c b fffe51c9 1c
FIXUPS: 24228 1ae0f b fffe521f 13 13 80 19 38 1f 7f 16 fffdcf69 1c e 10
FIXUPS: 24d06 19 3e d fffffc5c 1a 10 31 13 13 46 d 36 26 11 f 15 e 1d e
FIXUPS: 24b7b 4d 10 5b 30 2e 13 fffff312 fffde462 10 90 19 22 19 35 13
FIXUPS: 2567 3a d ffffea8f 11 13 13 2d 13 13 84 12 5d 15 42 1d d 46 1d
FIXUPS: 12ad 10 48 1c d ada 64 1f 13 8c d 5c d 15 30 2f 19 34 13 13 3a
FIXUPS: 20d4 13 5c 30 2e 13 2d 11 f 44 1f 33 3b6be c fffc4a95 e fffff571
FIXUPS: 1984 16 12 1a 3bf6e b fffc40c5 d 35 21 22 1d 44 f 51 f 51 f 41
FIXUPS: 1c07 42 22 2b 22 2b 30 15 32 2e 23 4d fffff82b 35 21 34 1b 22 11
FIXUPS: 171f 3c195 c d e e e c fffc3e4e 13 13 3a 10 a2 1b 1b b 18 1a 11
FIXUPS: 18f6 17 3c007 c b fffc5984 18 1e d 20 11 be 1f f 1c e 37 2a 14
FIXUPS: 13d9 5 d 33 d 33 10 30 d 59 12 17 1c a 21 38 21 35 1615 3a 11 f
FIXUPS: 2d66 e 14 10 40 19 22 19 35 13 13 3a d 121 18 1e d 22 5f d 15 71
FIXUPS: 3152 c 1f 12 35 1d fffff560 10 5f 15 17 3b19b b fffc4e98 d 42 22
FIXUPS: 28b3 22 28 3d 2c 23 36 14 30 12 16 8f d 40 1e 41 1e 2d d 33 13
FIXUPS: 37b4 1d 2c c 19 11 12 12 12 41 1f 27 29 30 1b 19 17 19 19 15 19
FIXUPS: 3a09 c 21 f 12 ffffec1a 17 2a 2f 13 13 162a 13 13 43 d 2e 2f 19
FIXUPS: 3e65 1f 33 39b1e c fffc65ef f fffff502 23 2d 13 13 3a 10 69 d 42
FIXUPS: 367b 28 22 28 3d 2c 23 1b6e 3a 13 13 ffffe792 17 18 2b 1a 8 d 18
FIXUPS: 3ba5 1a 8 d 18 2b 1a 8 d 18 2b 1a 8 5a 39c8f a b b b c fffc73c9
FIXUPS: 4db1 2f 34 f 49 19 d 3b d 35 18 1e d 20 11 118 1f 21 389fc b fffc7646
FIXUPS: 5138 64 1f 13 55 30 2e 13 2d 13 fffff3e2 f 5a c 26 35 ff 1d e 26
FIXUPS: 48f6 11 2a 26 14 2a 26 14 3c 1d 3908c b fffc6fa0 18 1e d 22 252
FIXUPS: 4d22 c 1f 12 fffff5bf 10 18 2b 1a 8 3a 39627 19 f a b b b b c fffc69a3
FIXUPS: 4414 13 78 15 1c f 17 3957e 19 f b fffc6aed 2c 25 b5 3945a b fffc7a9e
FIXUPS: 55b8 f 86 139 c c 1f 12 ffffe92d 24 12 21 18 37 26 7 18 2b 1a 8
FIXUPS: 4244 18 2b 1a 8 10 18 2b 1a 1e84 1b 4e 37912 b b b b b b b b b
FIXUPS: 3db84 fffc7d0d 19 37 13 13 43 d 89 34 f fffff95e 2d 33 13 13 69
FIXUPS: 5482 17 850 40 1e 1e 4f 17 1b 3b 17 1b 3b 17 1b 3b 17 1b 3b 17
FIXUPS: 5f9a 3b 14 1b 3b 14 1b 3b 14 1b 3b 17 1b 41 1a2e 13 3a 13 13 3a
FIXUPS: 7c6e 93 d 108 10 10 10 10 10 10 ffffdbdb 23 2d 13 13 3a 10 69 d
FIXUPS: 5bc9 22 28 22 28 3d 2c 1841 3675e c fffc98d0 11 f 44 1f 33 3668e
FIXUPS: 3dc91 fffc99c2 30 2e 13 1b2 e 14 10 8e e 14 10 e0 19 22 19 4c 19
FIXUPS: 7b23 19 65 fffff3e0 13 e6 d 5c d 15 30 2f 19 4b 10 64 1f 13 63
FIXUPS: 72e4 13 3a 13 13 3a 13 13 3a 13 13 3a 11 f 44 1f 36784 fffc8d38
FIXUPS: 699f 35 86 1d 15 47 37 d 42 22 2b 22 28 22 28 40 2c 23 91 d 2e
FIXUPS: 6dc4 19 4b 10 64 1f 13 55 30 fffff706 11 1f 19 15 19 19 41 20 13
FIXUPS: 67c7 20 b 13 1c b 18 d 16 f 20 b 15 16 15 d 16 f 11 1c 37304 9
FIXUPS: 63db 25 24 37773 c c c a b b b c fffc885f 13 13 3a 10 30 10 30
FIXUPS: 6541 73 12 f f 12 17 375fa c c c b 8e c fffca3d1 13 13 43 d 82
FIXUPS: 81a5 a6 16 1a 35a69 b fffc855a b b b 14 11 11 37 20 18 25 7 18
FIXUPS: 6378 7 18 25 7 37c01 b fffce852 1c 18 16 f 19 31751 b fffce8dc
FIXUPS: c8dd ffffb609 17 18 2b 1a 8 d 18 2b 1a 8 d 18 2b 1a 8 27 35c37
FIXUPS: 3dcae b fffce442 3d 10 5b 30 2a 8 d 6d 19 50 10 3c d bc 19 1c 31
FIXUPS: c470 3d 19 1c 31 d 48 24 f 182 18 16 f 19 fffff30e 13 13 3a 11
FIXUPS: bb01 44 1f 33 3240e c fffcdc42 30 2a 8 d 2f d 206 d 6e 19 50 10
FIXUPS: bfd8 10 5b 30 2a 8 d 39 fffff3c0 13 ec d 70 1e 2e d 15 30 2f 19
FIXUPS: b756 1e 2d d 9a 19 22 19 4a e 14 10 30 10 69 13 13 3a 13 13 fffff66b
FIXUPS: b0e9 f f 38 1e 1c f 11 36 21 1e 1d 34 14 30 18 16 2e 14 18 11 36
FIXUPS: b381 4d 18 19 12 1a 32b59 b fffcd4fd fffffa86 2a 53 1d 1c 18 e
FIXUPS: aff9 21 15 1c 32e4c c c c c c c c c c c c c c c c c c b fffcd117
FIXUPS: b0a3 fffffa6b 1d 24 22 12 28 24 22 12 3d b 21 2a 14 24 24 12 b
FIXUPS: ad30 23 23 14 24 24 12 18 1c 24 1f 12 13 30 fffff7f7 22 1b 58 1e
FIXUPS: a77e 22 12 28 24 22 12 1f 24 24 12 b 21 27 14 24 24 12 36 1f 1b
FIXUPS: aa28 23 28 2a 29 32 fffff6c6 24 12 13 37 13 1c 24 1f 12 13 5e 23
FIXUPS: a3a4 24 27 39 e 22 41 2a 1b 2a 19 8b 19 15 3b b 27 21 20 fffff755
FIXUPS: 9e05 28 28 2e 1f 1f 1f 24 35 1a 1d 24 22 12 28 24 22 12 28 e 15
FIXUPS: a0af 2e 14 24 24 12 8 15 1e 14 fffff876 11 1f 15 e 25 24 1f 12
FIXUPS: 9b00 24 22 12 1c 24 1f 12 23 24 22 12 8 2f 13 31 4a 27 19 32 b
FIXUPS: 9da4 21 fffff729 3c 73 3c 35 20 24 22 12 18 1c 24 1f 12 1f c9 29
FIXUPS: 9843 1f 18 14 2e 56 27 25 f 1f 344db c b fffcbb5c 21 fffff5b2 19
FIXUPS: 8fe7 22 12 15 19 21 1f f e 13 13 88 23b 3e 17 1d c 1b 12 21 21
FIXUPS: 948b 19 20 34953 9 c c c b fffcad0c e 3b 16 5 12 10 5b 25 1d 1d
FIXUPS: 8ca7 7d 18 16 f 1d 35076 9 b fffcafd3 1b f 82 1b f 5f 24 22 12
FIXUPS: 8f81 1d fffff7ab 1a 35661 9 9 b fffca9b9 d 42 22 28 22 28 3d 2c
FIXUPS: 8909 5e b 18 18 22 16 32 15 4b 16 2c 15 1d 18 16 f fffff964 13
FIXUPS: 84a7 3a 10 7a 25 12 f f f f 12 17 35760 c c c c f b fffca8aa 18
FIXUPS: 868c f 17 18 19 f 17 18 19 439d 196 21 35 21 fffffc2d 19 37 13
FIXUPS: c987 43 d ffffb91f 15 12 f 11 11 14 37 20 44 18 43 358af c c c
FIXUPS: 3dd37 f a c fffd1f7c 10 5b 30 2a 8 d 39 10 39 d 6e 19 50 10 40
FIXUPS: ff78 5b 30 2a 8 d 39 10 ae 10 ffffc8b8 2a 36 13 13 43 2cad 15 15
FIXUPS: f7b6 15 15 2c f 61 1f 13 8e 1f 13 63 13 13 3a 13 13 42 10 42 10
FIXUPS: fb34 d 63 d 6e 19 50 10 fffff7f4 21 f c3 c 19 20 2eb90 9 c c c
FIXUPS: 3e18d c c c c c c c c c c c b fffd13d5 35 31 13 45 36 6d fffff444
FIXUPS: ebaf 21 1f f 2a2 21 21 f 25 28 f b 2a 21 1f f 15 10 21 1f 15 1b
FIXUPS: f079 1d 28 f 49 21 1f f 306 fffff2a7 f 19 21 1f f 69 59 8 2f 8
FIXUPS: e8ed 21 21 f 25 28 f b 27 21 1f f 12 10 21 1f 12 15 13 ab 25 fffff72a
FIXUPS: e2d2 1c 1f 21 1e 1f e 21 1f 1f 21 1a 1c 2fcf5 9 9 b fffd033b 24
FIXUPS: e4c4 24 26 f 1c 35 13 5a 19 4e 19 92 fffff319 24 7b 20 2b 71 10
FIXUPS: dbb7 19 77 18 16 f 1d 418 24 21 f 20 2b 1f 14 19 1a 24 1f 12 1e
FIXUPS: e250 21 1d 18 2fd8f e e e e e e e e e e e c fffcf576 13 13 81 24
FIXUPS: d734 19 f f f f 1a 30941 c c c b fffcf87b 19 fffff8d8 21 3a 1a
FIXUPS: d2fc 1f 21 3a 1a 8 1f 21 3a 1a 8 1f 21 3a 1a 8 1f 21 3a 1a 8 51
FIXUPS: d5d6 45 309e9 c c c fffceea4 21 3a 1a 8 16 7 21 3a 1a 8 1f 21 3a
FIXUPS: d077 8 25 7 21 3a 1a 8 1f 21 3a 1a 8 1f 21 3a 1a 8 2f21 2d 33 13
FIXUPS: 10207 69 12 17 2df8b b fffd217e c 19 5b 12 67 58 12 ffffc81c 12
FIXUPS: cd4d f 27 1f 49 28 1f 21 3a 1a 8 16 4220 19 2d187 c fffd2ea4 2f
FIXUPS: 1117d 48 1f 33 2d08e c fffd30a7 14 21 2cf37 b fffd2272 2a 36 13
FIXUPS: 105c7 43 d 119 c 35 11 1e 13 11 24 3a0 70 19 22 19 65 13 13 3a
FIXUPS: 10d1e c4 1b 16 1c 27 f 5e d 15 65 14 e 1b 1c 20 11 73 24 9 1b 2b
FIXUPS: 110c9 2796 17 2ab9e b fffd2417 12 14 37 2d9b1 c b fffd2666 13 13
FIXUPS: 1094c f f 17 2d8e3 c b fffd278f d 2a 13 13 3a 11 f 95 e 14 28a1
FIXUPS: 3e384 17 b fffd50f7 10 23 1a 2aeca 9 b fffd515d 12 10 51 19 22
FIXUPS: 135ec 65 13 13 56 f 17 2ace1 b fffd53eb 19 21 2abf0 b fffd5451
FIXUPS: 3e324 b fffd4d1b d 4f b 35 1e 1a 2b226 b fffd4e02 13 13 3a 15 8
FIXUPS: 131dd 4f 21 b 31 1a 2b0c1 a c fffd5038 e 9 16 c 14 fffff853 17
FIXUPS: 12c85 1c 13 17 25 2f 18 f 20 56 22 22 26 f 20 1b 1a 3c 28 15 15
FIXUPS: 12f37 2b3b0 c c c b fffd4c72 14 21 fffff8e7 15 16 2e 38 1d 16 12
FIXUPS: 12991 11 f 3d 12 13 17 39 1e 37 3d 17 23 1c 13 1c 17 15 13 13 1e
FIXUPS: 12c03 13 17 fffff96c 13 1e 15 15 13 1c 13 17 9 15 9 15 16 2e 38
FIXUPS: 12722 16 12 17 11 f 3c 31 35 12 13 17 9 15 9 15 fffff90b 15 15
FIXUPS: 12206 25 17 29 1c 13 23 13 27 6b f 20 2a 13 13 1e 15 20 13 13 1e
FIXUPS: 1248d 20 13 17 15 43 1e 24 fffff8e8 13 31 41 f 23 13 17 1a 23 1d
FIXUPS: 11fb1 f 1f 13 17 15 15 15 15 12 10 10 17 13 17 2c 17 37 f 23 13
FIXUPS: 11b11 13 23 13 13 15 19 1c 13 19 1f 17 f 19 19 19 13 24 17 19 3e
FIXUPS: 11d37 1b 13 20 1b f 23 13 23 1f f fffff997 1b 1b 1b 1b 1b 1b 1b
FIXUPS: 118a5 17 17 17 17 17 1d 28 c 19 11 12 3b 24 21 f 12 28 1e c 1f
FIXUPS: 11ad3 e 14 2c99a fffd57a1 16 f 33 f ffffd72a 69 37 13 13 73 d 42
FIXUPS: 1156b 28 22 28 3d 2c 23 3b 1b 1b 1b 1b 1b 1b 1b 1b 1b 1b 2194 d
FIXUPS: 1396b 2b 1a 8 d 18 2b 1a 8 d 18 2b 1a 8 3b 24 2a939 c a b b b c
FIXUPS: 13b31 13 13 62 f 17 2a8a5 fffd5af2 23 3b 1d 2c c 19 11 f 12 3b
FIXUPS: 140c8 20 29 30 1f 1e 19 17 19 19 15 19 15 f 12 fffff675 14 14 18
FIXUPS: 13924 1a 2ad62 e e e e e e e e c fffd8a2e 16 13 13 13 3b 10 30
FIXUPS: 17221 ffffcb20 23 2d 13 13 73 d 42 22 28 22 28 3d 2e71 8 1a 24
FIXUPS: 16e3e 1b 1f 8 1a 24 3d 1b 1f 8 1a 24 3d 1b 1f 8 1a 24 3d 1b 1f
FIXUPS: 170b7 2b 1c 2756a e e e fffd82f2 8 3d 7 24 3d 1b 1f 8 3d 7 24 3d
FIXUPS: 16b33 1f 8 1a 24 3d 1b 1f 8 1a 24 3d 1b 1f 8 4c 24 3d 1b 27879
FIXUPS: 3e621 c c c b fffd7f41 1f 36 2b 4c 1c 1a 43 54 39 24 3d 1b 1f 8
FIXUPS: 16825 7 24 3d 1b 1f 8 1a 24 3d 1b fffff58d f 15 10 21 1f 15 1b
FIXUPS: 15fa9 3a 1f 28 f 49 21 1f f 2fd 21 21 f f9 c 19 20 28067 9 c c
FIXUPS: 3e5f1 c c fffd71a7 24 24 26 f 30 8 7c 1b 97 28 f b 1c c0 25 f 19
FIXUPS: 15b1f 1f f 1f 25e 21 21 f 2b 28 f b 2a 21 fffff501 16 3d 1c c 19
FIXUPS: 1547d 16 c 1f 8 2a 8 c4 2c 8 40 8 29 8 63 21 21 c f 1a 28e51 9
FIXUPS: 3e5a6 9 b fffd71d2 fffff870 1d 22 17 19 23 24 1f 18 21 25 27 20
FIXUPS: 15197 b 27 1c 22 24 21 25 11 27 22 22 24 20 29226 c c c b fffd63a2
FIXUPS: 1493c 116 19 65 21 f 64 27 20 2b 38 19 1d 3d 8 40 8 2e 24 1f 12
FIXUPS: 14ec1 24 21 12 42 24 1f 12 18 14 fffff65a 16 7 18 2b 1a 8 5a 29d93
FIXUPS: 3e4b0 c c a b b b b b c fffd622c 13 13 62 f f f 17 29d17 c c b
FIXUPS: 14880 fffffa5d f 31 18 44 29 1e 18 2b 1a 8 d 18 37 26 e 17 10 18
FIXUPS: 1451f 1a 8 10 18 2b 1a 8 13 7 18 2b 1a 2a10f b b b c fffd8e98 13
FIXUPS: 17627 3a 10 5f 15 17 2707b b fffd8fb8 d 42 22 28 22 28 3d 2c 23
FIXUPS: 178df 14 30 12 16 ffffc971 12 303e 17 17 18 2b 1a 8 13 7 18 2b
FIXUPS: 17416 8 13 7 18 2b 1a 8 d 18 2b 1a 8 26 18 2b 1a 8 3b 27152 a fffd9388
FIXUPS: 17adb 28 22 28 3d 2c 23 3b 1d 2c c 19 11 f 12 12 40 19 1d 29 30
FIXUPS: 17db0 19 17 19 19 15 19 15 f 12 10f5 16 e 16 1f f ffffeefe 2d 33
FIXUPS: 17f44 13 3a 10 43 10 36 d 42 22 28 22 28 3d 2c 23 fffff7e8 23 2d
FIXUPS: 179e4 13 73 d 1107 20 20 20 20 20 20 20 27 22 22 23 10 1e f 4a
FIXUPS: 18d92 1f 1f 1f 34 1c 1f 1f 1f 1f 1f 1f 1f 21 e 16 fffff733 1a 16
FIXUPS: 186e1 28 10 47 15 21 19 15 21 19 15 21 16 21 16 13 32 12 138 1d
FIXUPS: 18a3c 3f 20 20 20 20 23 11 24 25e60 b fffd9888 1a 22 21 264f4 b
FIXUPS: 182d1 13 13 3a 10 3c d 40 d 42 22 28 22 28 3d 2c 23 47 2c 21 1c
FIXUPS: 1862f 21 1c 26306 fffdd02c f d 42 d 80 1c 16 18 9 f b 14 f 1b 1c
FIXUPS: 3e984 b fffdd224 d 15 2c 13 13 62 14 18 11 12 17 22cb8 ffffff7e
FIXUPS: 3e931 fffdc717 19 22 19 35 11 f 44 1f 33 237be c fffdc980 d 33
FIXUPS: 1b357 1ea 13 13 3a 13 13 8a d 113 d 13d 14 2a 2306e fffdc291 10
FIXUPS: 1ac31 13 13 3a 13 13 3a 13 13 3a 13 13 51 19 22 19 35 15 f 40 23
FIXUPS: 1af0b 239fa c fffdc630 11 f 44 1f 33 fffff6bd 19 48 1f 2b 2e 24138
FIXUPS: 3e8d1 fffdbf04 1f 2b 2e 24098 c fffdbff7 19 22 19 4a e 14 10 82
FIXUPS: 1aa47 5c d 15 30 2f 19 99 e fffff51b 28 3a b 14 19 1b 5f d 15 85
FIXUPS: 1a2c7 32 2f 19 95 e 1a 1e 8e d 8e 2f 19 48 d d 15 2f d 15 30 fffff6e3
FIXUPS: 19d77 1e 3e 24 17 24a57 c fffdb5ea 14 21 249f7 b fffdb643 1b 3f
FIXUPS: 19f37 15 e e 11 1e 3e 24 17 24895 c fffdb7b8 34 23 14 b fffffa06
FIXUPS: 19afa 1c a 26 10 a 6 16 b 21 39 8 1e a 14 15 c a 18 f 11 c f 1a
FIXUPS: 3e824 9 d e c fffdb4b1 1b fffffaa7 18 14 15 11 14 1c a 26 10 a
FIXUPS: 19899 16 13 31 21 33 14 25 a 14 15 c a 18 f 11 3d 34 39 e 18 fffff96d
FIXUPS: 19457 1d 12 17 2533a c b fffdace3 13 13 59 12 17 2528e b fffdadba
FIXUPS: 195e0 24 1b 50 16 15 12 f 11 26 12 19 2f 34 39 5464 f 22e 21 21
FIXUPS: 1eeab c6 f 1c 1fc78 9 c c c c c c c c b fffda633 14 4c 2549c b
FIXUPS: 19351 13 13 62 14 24 19 51db 28 c 1c 21 1f f 69 40 8 2f 8 49 21
FIXUPS: 1e817 f ab 28 f 1c 21 1f f 18b 21 21 f 1d 28 f 3a 21 fffff662 19
FIXUPS: 1e299 208fb c c c c c c c c c b fffdf6c6 31 13 38 53 e 15 15 15
FIXUPS: 1e402 15 1a 58 13 5a 19 4e 19 fffff23d 65 59 8 2f 8 49 21 21 f
FIXUPS: 1d9f5 28 f 1c 21 1f f 272 21 21 f 1d 28 f 49 21 1f f 306 21 21
FIXUPS: 1e19d fffff2bf 21698 9 9 c c c c c c c c c b fffde92f 24 24 24
FIXUPS: 1d53e f 45 13 5a 19 4e 19 92 28 f 1c 21 1f fffff95a 21 f 2b 1f
FIXUPS: 1d18c 19 1a 21 1f 12 1e 1f 21 1d 18 8 21 1c 1f 21 1e 1f b 21 1f
FIXUPS: 1d3d0 21 1a 16 c f fffff505 15 10 21 1f 12 15 13 28 25 f 8 24 21
FIXUPS: 1caa8 f 15 10 21 1f 12 15 13 51 1e 15 7b 21 1f f 1d 41c 21998 e
FIXUPS: 3ea91 c fffddaf4 13 13 81 24 18 19 f f f f 1a 223d1 c c c b fffddd5c
FIXUPS: 1c847 f 10 2c 25 f 8 24 21 1f fffff9ab 8 1f 21 3a 1a 8 1f 21 3a
FIXUPS: 1c415 8 1f 21 3a 1a 8 51 19 38 22479 c c c d e e e e e e e fffdd489
FIXUPS: 1bf2a 1a 8 10 21 3a 1a 8 1f 21 3a 1a 8 1f 21 3a 1a 8 1f 21 3a 1a
FIXUPS: 1c1ad 1f 21 3a 1a 8 1f 21 3a 22bf2 c c b fffe3869 31 13 38 ffffc854
FIXUPS: 1f02b 13 33 13 13 43 d 5d 12 ffffcbe6 12 f f 27 1f 49 28 1f 21
FIXUPS: 1be9d 1a 8 10 5a65 1f f 76 c6c 1b 15 21 21 f c 19 20 1c6ca 9 c
FIXUPS: 3edf5 c c c c c c c c c c c c c c c fffe2708 21 1f f 42 1d 21 21
FIXUPS: 216b0 28 28 f b 2a 21 1f f 15 10 21 1f 15 1b 13 14 8 1d 8 35 28
FIXUPS: 218e8 2b fffff370 13 b7 25 f 19 21 1f f 1f 454 21 21 f 2b 28 f
FIXUPS: 2131a 2a 21 1f f 15 10 21 1f 15 1b 13 129 25 f 1d828 fffe1aac 20
FIXUPS: 20898 26 62 1d 21 1f f 83 40 8 2f 8 41 21 21 f 22 28 f b 27 21
FIXUPS: 20beb f 12 10 21 1f 12 fffff8a5 1e 11 19 20 1f 1f 1f 2f e 21 1c
FIXUPS: 20671 1f 21 1e e 21 1f 1f 1f 14 19 20 21 1a 19 20 1e578 c 9 c fffe1119
FIXUPS: 1fef3 c6 25 56 25 57 25 59 25 5a 25 59 25 5a 25 59 25 56 24 21
FIXUPS: 203fa 20 b f 12 24 21 1f 12 1e 21 fffff35c 62 f f f f 17 1f448
FIXUPS: 3ed60 c c b fffe0d1f 25 24 1f f a7 16 25 45 25 46 25 48 25 49 25
FIXUPS: 1fdf3 25 49 25 fffff7f5 8 1f 18 34 1a 8 1f 18 34 1a 8 5d 1f49a
FIXUPS: 3eca0 c c c a b b b b b b b b b b c fffe0ae9 13 fffffaad 2b 1a
FIXUPS: 1f33e 1f 18 2b 1a 8 1f 18 34 1a 8 1f 18 34 1a 8 1f 18 34 1a 8 1f
FIXUPS: 1f5a0 34 1a 8 1f 18 34 1f883 a b b b b b c fffe3c70 13 13 43 d
FIXUPS: 22c8f 37 f ffffc4c7 12 f f f 14 18 2b 1a 8 10 18 2b 1a 8 10 3573
FIXUPS: 22863 18 2b 1a 8 d 18 2b 1a 8 d 18 2b 1a 8 d 18 2b 1a 8 d 18 2b
FIXUPS: 22a88 8 d 18 2b 1a 8 72
